Component: ARM Compiler 5.05 update 2 (build 169) Tool: armlink [4d0f33]

==============================================================================

Section Cross References

    main.o(i.main) refers to rt_cmsis.o(i.osKernelInitialize) for osKernelInitialize
    main.o(i.main) refers to stm32f4xx_hal.o(i.HAL_Init) for HAL_Init
    main.o(i.main) refers to sysclk_config.o(i.SystemClock_Config) for SystemClock_Config
    main.o(i.main) refers to rt_cmsis.o(i.osKernelStart) for osKernelStart
    main.o(i.main) refers to cc2500.o(i.cc2500_LowLevel_Init) for cc2500_LowLevel_Init
    main.o(i.main) refers to cc2500.o(i.cc2500_Read) for cc2500_Read
    main.o(i.main) refers to printf1.o(i.__0printf$1) for __2printf
    main.o(i.main) refers to cc2500.o(i.cc2500_Receive_Data) for cc2500_Receive_Data
    main.o(i.main) refers to rt_cmsis.o(i.osDelay) for osDelay
    supporting_functions.o(i.Error_Handler) refers to printf1.o(i.__0printf$1) for __2printf
    stm32f4xx_it.o(i.TIM3_IRQHandler) refers to stm32f4xx_hal_tim.o(i.HAL_TIM_IRQHandler) for HAL_TIM_IRQHandler
    stm32f4xx_it.o(i.TIM3_IRQHandler) refers to led_thread.o(.bss) for TIM3_handle
    sysclk_config.o(i.SystemClock_Config) refers to stm32f4xx_hal_rcc.o(i.HAL_RCC_OscConfig) for HAL_RCC_OscConfig
    sysclk_config.o(i.SystemClock_Config) refers to supporting_functions.o(i.Error_Handler) for Error_Handler
    sysclk_config.o(i.SystemClock_Config) refers to stm32f4xx_hal_rcc.o(i.HAL_RCC_ClockConfig) for HAL_RCC_ClockConfig
    led_thread.o(i.HAL_TIM_PeriodElapsedCallback) refers to rt_cmsis.o(i.osSignalSet) for osSignalSet
    led_thread.o(i.HAL_TIM_PeriodElapsedCallback) refers to led_thread.o(.data) for LED_thread_ID
    led_thread.o(i.LED_thread) refers to led_thread.o(i.LED_thread_periph_init) for LED_thread_periph_init
    led_thread.o(i.LED_thread) refers to rt_cmsis.o(i.osSignalWait) for osSignalWait
    led_thread.o(i.LED_thread) refers to stm32f4xx_hal_gpio.o(i.HAL_GPIO_TogglePin) for HAL_GPIO_TogglePin
    led_thread.o(i.LED_thread) refers to printf1.o(i.__0printf$1) for __2printf
    led_thread.o(i.LED_thread_periph_init) refers to stm32f4xx_hal_gpio.o(i.HAL_GPIO_Init) for HAL_GPIO_Init
    led_thread.o(i.LED_thread_periph_init) refers to stm32f4xx_hal_tim.o(i.HAL_TIM_Base_Init) for HAL_TIM_Base_Init
    led_thread.o(i.LED_thread_periph_init) refers to stm32f4xx_hal_tim.o(i.HAL_TIM_Base_Start_IT) for HAL_TIM_Base_Start_IT
    led_thread.o(i.LED_thread_periph_init) refers to stm32f4xx_hal_cortex.o(i.HAL_NVIC_EnableIRQ) for HAL_NVIC_EnableIRQ
    led_thread.o(i.LED_thread_periph_init) refers to stm32f4xx_hal_cortex.o(i.HAL_NVIC_SetPriority) for HAL_NVIC_SetPriority
    led_thread.o(i.LED_thread_periph_init) refers to led_thread.o(.bss) for TIM3_handle
    led_thread.o(i.start_LED_thread) refers to rt_cmsis.o(i.osThreadCreate) for osThreadCreate
    led_thread.o(i.start_LED_thread) refers to led_thread.o(.constdata) for os_thread_def_LED_thread
    led_thread.o(i.start_LED_thread) refers to led_thread.o(.data) for LED_thread_ID
    led_thread.o(.constdata) refers to led_thread.o(i.LED_thread) for LED_thread
    mouse_thread.o(i.mouse_thread) refers to mouse_thread.o(i.mouse_thread_periph_init) for mouse_thread_periph_init
    mouse_thread.o(i.mouse_thread) refers to stm32f4xx_hal_gpio.o(i.HAL_GPIO_ReadPin) for HAL_GPIO_ReadPin
    mouse_thread.o(i.mouse_thread) refers to usbd_hid.o(i.USBD_HID_GetReportTrigger) for USBD_HID_GetReportTrigger
    mouse_thread.o(i.mouse_thread) refers to rt_cmsis.o(i.osDelay) for osDelay
    mouse_thread.o(i.mouse_thread) refers to mouse_thread.o(.data) for mouse_in_report
    mouse_thread.o(i.mouse_thread_periph_init) refers to stm32f4xx_hal_gpio.o(i.HAL_GPIO_Init) for HAL_GPIO_Init
    mouse_thread.o(i.start_mouse_thread) refers to rt_cmsis.o(i.osThreadCreate) for osThreadCreate
    mouse_thread.o(i.start_mouse_thread) refers to mouse_thread.o(.constdata) for os_thread_def_mouse_thread
    mouse_thread.o(i.start_mouse_thread) refers to mouse_thread.o(.data) for mouse_thread_ID
    mouse_thread.o(.constdata) refers to mouse_thread.o(i.mouse_thread) for mouse_thread
    lis3dsh.o(i.HAL_SPI_MspInit) refers to stm32f4xx_hal_gpio.o(i.HAL_GPIO_Init) for HAL_GPIO_Init
    lis3dsh.o(i.HAL_SPI_MspInit) refers to stm32f4xx_hal_gpio.o(i.HAL_GPIO_WritePin) for HAL_GPIO_WritePin
    lis3dsh.o(i.LIS3DSH_DataRateCmd) refers to lis3dsh.o(i.LIS3DSH_Read) for LIS3DSH_Read
    lis3dsh.o(i.LIS3DSH_DataRateCmd) refers to lis3dsh.o(i.LIS3DSH_Write) for LIS3DSH_Write
    lis3dsh.o(i.LIS3DSH_DataReadyInterruptConfig) refers to lis3dsh.o(i.LIS3DSH_Read) for LIS3DSH_Read
    lis3dsh.o(i.LIS3DSH_DataReadyInterruptConfig) refers to lis3dsh.o(i.LIS3DSH_Write) for LIS3DSH_Write
    lis3dsh.o(i.LIS3DSH_FullScaleCmd) refers to lis3dsh.o(i.LIS3DSH_Read) for LIS3DSH_Read
    lis3dsh.o(i.LIS3DSH_FullScaleCmd) refers to lis3dsh.o(i.LIS3DSH_Write) for LIS3DSH_Write
[...]
    C:\Keil_v5\ARM\PACK\Keil\STM32F4xx_DFP\2.9.0\Drivers\STM32F4xx_HAL_Driver\Src\stm32f4xx_hal_rcc.c 0x00000000   Number         0  stm32f4xx_hal_rcc.o ABSOLUTE
    C:\Keil_v5\ARM\PACK\Keil\STM32F4xx_DFP\2.9.0\Drivers\STM32F4xx_HAL_Driver\Src\stm32f4xx_hal_rcc_ex.c 0x00000000   Number         0  stm32f4xx_hal_rcc_ex.o ABSOLUTE
    C:\Keil_v5\ARM\PACK\Keil\STM32F4xx_DFP\2.9.0\Drivers\STM32F4xx_HAL_Driver\Src\stm32f4xx_hal_rtc.c 0x00000000   Number         0  stm32f4xx_hal_rtc.o ABSOLUTE
    C:\Keil_v5\ARM\PACK\Keil\STM32F4xx_DFP\2.9.0\Drivers\STM32F4xx_HAL_Driver\Src\stm32f4xx_hal_rtc_ex.c 0x00000000   Number         0  stm32f4xx_hal_rtc_ex.o ABSOLUTE
    C:\Keil_v5\ARM\PACK\Keil\STM32F4xx_DFP\2.9.0\Drivers\STM32F4xx_HAL_Driver\Src\stm32f4xx_hal_spi.c 0x00000000   Number         0  stm32f4xx_hal_spi.o ABSOLUTE
    C:\Keil_v5\ARM\PACK\Keil\STM32F4xx_DFP\2.9.0\Drivers\STM32F4xx_HAL_Driver\Src\stm32f4xx_hal_sram.c 0x00000000   Number         0  stm32f4xx_hal_sram.o ABSOLUTE
    C:\Keil_v5\ARM\PACK\Keil\STM32F4xx_DFP\2.9.0\Drivers\STM32F4xx_HAL_Driver\Src\stm32f4xx_hal_tim.c 0x00000000   Number         0  stm32f4xx_hal_tim.o ABSOLUTE
    C:\Keil_v5\ARM\PACK\Keil\STM32F4xx_DFP\2.9.0\Drivers\STM32F4xx_HAL_Driver\Src\stm32f4xx_hal_tim_ex.c 0x00000000   Number         0  stm32f4xx_hal_tim_ex.o ABSOLUTE
    C:\Keil_v5\ARM\PACK\Keil\STM32F4xx_DFP\2.9.0\Drivers\STM32F4xx_HAL_Driver\Src\stm32f4xx_hal_uart.c 0x00000000   Number         0  stm32f4xx_hal_uart.o ABSOLUTE
    C:\Keil_v5\ARM\PACK\Keil\STM32F4xx_DFP\2.9.0\Drivers\STM32F4xx_HAL_Driver\Src\stm32f4xx_hal_usart.c 0x00000000   Number         0  stm32f4xx_hal_usart.o ABSOLUTE
    C:\Keil_v5\ARM\PACK\Keil\STM32F4xx_DFP\2.9.0\Drivers\STM32F4xx_HAL_Driver\Src\stm32f4xx_ll_fsmc.c 0x00000000   Number         0  stm32f4xx_ll_fsmc.o ABSOLUTE
    C:\\Keil_v5\\ARM\\PACK\\Keil\\STM32F4xx_DFP\\2.9.0\\CMSIS\\Driver\\OTG_FS_STM32F4xx.c 0x00000000   Number         0  otg_fs_stm32f4xx.o ABSOLUTE
    C:\\Keil_v5\\ARM\\PACK\\Keil\\STM32F4xx_DFP\\2.9.0\\CMSIS\\Driver\\USBD_FS_STM32F4xx.c 0x00000000   Number         0  usbd_fs_stm32f4xx.o ABSOLUTE
    C:\\Keil_v5\\ARM\\PACK\\Keil\\STM32F4xx_DFP\\2.9.0\\Drivers\\STM32F4xx_HAL_Driver\\Src\\stm32f4xx_hal.c 0x00000000   Number         0  stm32f4xx_hal.o ABSOLUTE
    C:\\Keil_v5\\ARM\\PACK\\Keil\\STM32F4xx_DFP\\2.9.0\\Drivers\\STM32F4xx_HAL_Driver\\Src\\stm32f4xx_hal_adc.c 0x00000000   Number         0  stm32f4xx_hal_adc.o ABSOLUTE
    C:\\Keil_v5\\ARM\\PACK\\Keil\\STM32F4xx_DFP\\2.9.0\\Drivers\\STM32F4xx_HAL_Driver\\Src\\stm32f4xx_hal_adc_ex.c 0x00000000   Number         0  stm32f4xx_hal_adc_ex.o ABSOLUTE
    C:\\Keil_v5\\ARM\\PACK\\Keil\\STM32F4xx_DFP\\2.9.0\\Drivers\\STM32F4xx_HAL_Driver\\Src\\stm32f4xx_hal_cortex.c 0x00000000   Number         0  stm32f4xx_hal_cortex.o ABSOLUTE
    C:\\Keil_v5\\ARM\\PACK\\Keil\\STM32F4xx_DFP\\2.9.0\\Drivers\\STM32F4xx_HAL_Driver\\Src\\stm32f4xx_hal_dma.c 0x00000000   Number         0  stm32f4xx_hal_dma.o ABSOLUTE
    C:\\Keil_v5\\ARM\\PACK\\Keil\\STM32F4xx_DFP\\2.9.0\\Drivers\\STM32F4xx_HAL_Driver\\Src\\stm32f4xx_hal_dma_ex.c 0x00000000   Number         0  stm32f4xx_hal_dma_ex.o ABSOLUTE
    C:\\Keil_v5\\ARM\\PACK\\Keil\\STM32F4xx_DFP\\2.9.0\\Drivers\\STM32F4xx_HAL_Driver\\Src\\stm32f4xx_hal_gpio.c 0x00000000   Number         0  stm32f4xx_hal_gpio.o ABSOLUTE
    C:\\Keil_v5\\ARM\\PACK\\Keil\\STM32F4xx_DFP\\2.9.0\\Drivers\\STM32F4xx_HAL_Driver\\Src\\stm32f4xx_hal_pwr.c 0x00000000   Number         0  stm32f4xx_hal_pwr.o ABSOLUTE
    C:\\Keil_v5\\ARM\\PACK\\Keil\\STM32F4xx_DFP\\2.9.0\\Drivers\\STM32F4xx_HAL_Driver\\Src\\stm32f4xx_hal_pwr_ex.c 0x00000000   Number         0  stm32f4xx_hal_pwr_ex.o ABSOLUTE
    C:\\Keil_v5\\ARM\\PACK\\Keil\\STM32F4xx_DFP\\2.9.0\\Drivers\\STM32F4xx_HAL_Driver\\Src\\stm32f4xx_hal_rcc.c 0x00000000   Number         0  stm32f4xx_hal_rcc.o ABSOLUTE
    C:\\Keil_v5\\ARM\\PACK\\Keil\\STM32F4xx_DFP\\2.9.0\\Drivers\\STM32F4xx_HAL_Driver\\Src\\stm32f4xx_hal_rcc_ex.c 0x00000000   Number         0  stm32f4xx_hal_rcc_ex.o ABSOLUTE
    C:\\Keil_v5\\ARM\\PACK\\Keil\\STM32F4xx_DFP\\2.9.0\\Drivers\\STM32F4xx_HAL_Driver\\Src\\stm32f4xx_hal_rtc.c 0x00000000   Number         0  stm32f4xx_hal_rtc.o ABSOLUTE
    C:\\Keil_v5\\ARM\\PACK\\Keil\\STM32F4xx_DFP\\2.9.0\\Drivers\\STM32F4xx_HAL_Driver\\Src\\stm32f4xx_hal_rtc_ex.c 0x00000000   Number         0  stm32f4xx_hal_rtc_ex.o ABSOLUTE
    C:\\Keil_v5\\ARM\\PACK\\Keil\\STM32F4xx_DFP\\2.9.0\\Drivers\\STM32F4xx_HAL_Driver\\Src\\stm32f4xx_hal_spi.c 0x00000000   Number         0  stm32f4xx_hal_spi.o ABSOLUTE
    C:\\Keil_v5\\ARM\\PACK\\Keil\\STM32F4xx_DFP\\2.9.0\\Drivers\\STM32F4xx_HAL_Driver\\Src\\stm32f4xx_hal_sram.c 0x00000000   Number         0  stm32f4xx_hal_sram.o ABSOLUTE
    C:\\Keil_v5\\ARM\\PACK\\Keil\\STM32F4xx_DFP\\2.9.0\\Drivers\\STM32F4xx_HAL_Driver\\Src\\stm32f4xx_hal_tim.c 0x00000000   Number         0  stm32f4xx_hal_tim.o ABSOLUTE
    C:\\Keil_v5\\ARM\\PACK\\Keil\\STM32F4xx_DFP\\2.9.0\\Drivers\\STM32F4xx_HAL_Driver\\Src\\stm32f4xx_hal_tim_ex.c 0x00000000   Number         0  stm32f4xx_hal_tim_ex.o ABSOLUTE
    C:\\Keil_v5\\ARM\\PACK\\Keil\\STM32F4xx_DFP\\2.9.0\\Drivers\\STM32F4xx_HAL_Driver\\Src\\stm32f4xx_hal_uart.c 0x00000000   Number         0  stm32f4xx_hal_uart.o ABSOLUTE
    C:\\Keil_v5\\ARM\\PACK\\Keil\\STM32F4xx_DFP\\2.9.0\\Drivers\\STM32F4xx_HAL_Driver\\Src\\stm32f4xx_hal_usart.c 0x00000000   Number         0  stm32f4xx_hal_usart.o ABSOLUTE
    C:\\Keil_v5\\ARM\\PACK\\Keil\\STM32F4xx_DFP\\2.9.0\\Drivers\\STM32F4xx_HAL_Driver\\Src\\stm32f4xx_ll_fsmc.c 0x00000000   Number         0  stm32f4xx_ll_fsmc.o ABSOLUTE
    HAL_CM4.c                                0x00000000   Number         0  hal_cm4.o ABSOLUTE
    HAL_CM4.c                                0x00000000   Number         0  hal_cm4.o ABSOLUTE
    RL_ARM.s                                 0x00000000   Number         0  usbd_core_custom_device.o ABSOLUTE
    RL_ARM.s                                 0x00000000   Number         0  usbd_core_hid.o ABSOLUTE
    RL_ARM.s                                 0x00000000   Number         0  usb_version.o ABSOLUTE
    RL_ARM.s                                 0x00000000   Number         0  usbd_hid.o ABSOLUTE
    RL_ARM.s                                 0x00000000   Number         0  usbd_core.o ABSOLUTE
    RTE\CMSIS\RTX_Conf_CM.c                  0x00000000   Number         0  rtx_conf_cm.o ABSOLUTE
    RTE\Device\STM32F407VGTx\startup_stm32f407xx.s 0x00000000   Number         0  startup_stm32f407xx.o ABSOLUTE
    RTE\Device\STM32F407VGTx\system_stm32f4xx.c 0x00000000   Number         0  system_stm32f4xx.o ABSOLUTE
    RTE\USB\USBD_Config_0.c                  0x00000000   Number         0  usbd_config_0.o ABSOLUTE
    RTE\\Device\\STM32F407VGTx\\system_stm32f4xx.c 0x00000000   Number         0  system_stm32f4xx.o ABSOLUTE
    SRC\\usb_version.c                       0x00000000   Number         0  usb_version.o ABSOLUTE
    SRC\\usbd_core.c                         0x00000000   Number         0  usbd_core.o ABSOLUTE
    SRC\usb_version.c                        0x00000000   Number         0  usb_version.o ABSOLUTE
    SRC\usbd_core.c                          0x00000000   Number         0  usbd_core.o ABSOLUTE
    SRC\usbd_core_custom_device.c            0x00000000   Number         0  usbd_core_custom_device.o ABSOLUTE
    SRC\usbd_core_hid.c                      0x00000000   Number         0  usbd_core_hid.o ABSOLUTE
    SRC\usbd_hid.c                           0x00000000   Number         0  usbd_hid.o ABSOLUTE
    SVC_Table.s                              0x00000000   Number         0  svc_table.o ABSOLUTE
    Sources\LED_thread.c                     0x00000000   Number         0  led_thread.o ABSOLUTE
    Sources\LIS3DSH.c                        0x00000000   Number         0  lis3dsh.o ABSOLUTE
    Sources\USBD_User_HID_Mouse_0.c          0x00000000   Number         0  usbd_user_hid_mouse_0.o ABSOLUTE
    Sources\\LED_thread.c                    0x00000000   Number         0  led_thread.o ABSOLUTE
    Sources\\LIS3DSH.c                       0x00000000   Number         0  lis3dsh.o ABSOLUTE
    Sources\\main.c                          0x00000000   Number         0  main.o ABSOLUTE
    Sources\\mouse_thread.c                  0x00000000   Number         0  mouse_thread.o ABSOLUTE
    Sources\\stm32f4xx_it.c                  0x00000000   Number         0  stm32f4xx_it.o ABSOLUTE
    Sources\\sysclk_config.c                 0x00000000   Number         0  sysclk_config.o ABSOLUTE
    Sources\main.c                           0x00000000   Number         0  main.o ABSOLUTE
    Sources\mouse_thread.c                   0x00000000   Number         0  mouse_thread.o ABSOLUTE
    Sources\stm32f4xx_it.c                   0x00000000   Number         0  stm32f4xx_it.o ABSOLUTE
    Sources\supporting_functions.c           0x00000000   Number         0  supporting_functions.o ABSOLUTE
    Sources\sysclk_config.c                  0x00000000   Number         0  sysclk_config.o ABSOLUTE
    cc2500.c                                 0x00000000   Number         0  cc2500.o ABSOLUTE
    cc2500.c                                 0x00000000   Number         0  cc2500.o ABSOLUTE
    cdrcmple.s                               0x00000000   Number         0  cdrcmple.o ABSOLUTE
    dc.s                                     0x00000000   Number         0  dc.o ABSOLUTE
    handlers.s                               0x00000000   Number         0  handlers.o ABSOLUTE
    init.s                                   0x00000000   Number         0  init.o ABSOLUTE
    RESET                                    0x08000000   Section      392  startup_stm32f407xx.o(RESET)
    .ARM.Collect$$$$00000000                 0x08000188   Section        0  entry.o(.ARM.Collect$$$$00000000)
    .ARM.Collect$$$$00000001                 0x08000188   Section        4  entry2.o(.ARM.Collect$$$$00000001)
    .ARM.Collect$$$$00000004                 0x0800018c   Section        4  entry5.o(.ARM.Collect$$$$00000004)
    .ARM.Collect$$$$00000008                 0x08000190   Section        0  entry7b.o(.ARM.Collect$$$$00000008)
    .ARM.Collect$$$$0000000A                 0x08000190   Section        0  entry8b.o(.ARM.Collect$$$$0000000A)
    .ARM.Collect$$$$0000000D                 0x08000190   Section        0  entry10a.o(.ARM.Collect$$$$0000000D)
    .ARM.Collect$$$$0000000F                 0x08000190   Section        0  entry11a.o(.ARM.Collect$$$$0000000F)
    .ARM.Collect$$$$000000FF                 0x08000190   Section        0  rtx_conf_cm.o(.ARM.Collect$$$$000000FF)
    .ARM.Collect$$$$00002712                 0x080001a8   Section        4  entry2.o(.ARM.Collect$$$$00002712)
    __lit__00000000                          0x080001a8   Data           4  entry2.o(.ARM.Collect$$$$00002712)
    .emb_text                                0x080001ac   Section      408  hal_cm4.o(.emb_text)
    $v0                                      0x080001ac   Number         0  hal_cm4.o(.emb_text)
    .text                                    0x08000344   Section       36  startup_stm32f407xx.o(.text)
    $v0                                      0x08000344   Number         0  startup_stm32f407xx.o(.text)
    .text                                    0x08000368   Section        0  memcpya.o(.text)
    .text                                    0x0800038c   Section        0  memseta.o(.text)
    .text                                    0x080003b0   Section        0  uidiv.o(.text)
    .text                                    0x080003dc   Section       36  init.o(.text)
    SVC_TABLE                                0x08000400   Section        4  svc_table.o(SVC_TABLE)
    i.BusFault_Handler                       0x08000404   Section        0  stm32f4xx_it.o(i.BusFault_Handler)
    i.DebugMon_Handler                       0x08000408   Section        0  stm32f4xx_it.o(i.DebugMon_Handler)
    i.Error_Handler                          0x0800040c   Section        0  supporting_functions.o(i.Error_Handler)
    i.HAL_GPIO_Init                          0x0800058c   Section        0  stm32f4xx_hal_gpio.o(i.HAL_GPIO_Init)
    i.HAL_GPIO_WritePin                      0x08000798   Section        0  stm32f4xx_hal_gpio.o(i.HAL_GPIO_WritePin)
    i.HAL_GetTick                            0x080007a4   Section        0  stm32f4xx_hal.o(i.HAL_GetTick)
    i.HAL_Init                               0x080007b0   Section        0  stm32f4xx_hal.o(i.HAL_Init)
    i.HAL_InitTick                           0x080007ec   Section        0  stm32f4xx_hal.o(i.HAL_InitTick)
    i.HAL_MspInit                            0x08000814   Section        0  stm32f4xx_hal.o(i.HAL_MspInit)
    i.HAL_NVIC_SetPriority                   0x08000816   Section        0  stm32f4xx_hal_cortex.o(i.HAL_NVIC_SetPriority)
    i.HAL_NVIC_SetPriorityGrouping           0x08000894   Section        0  stm32f4xx_hal_cortex.o(i.HAL_NVIC_SetPriorityGrouping)
    i.HAL_RCC_ClockConfig                    0x080008bc   Section        0  stm32f4xx_hal_rcc.o(i.HAL_RCC_ClockConfig)
    i.HAL_RCC_GetSysClockFreq                0x08000a8c   Section        0  stm32f4xx_hal_rcc.o(i.HAL_RCC_GetSysClockFreq)
    i.HAL_RCC_OscConfig                      0x08000b40   Section        0  stm32f4xx_hal_rcc.o(i.HAL_RCC_OscConfig)
    i.HAL_SPI_DeInit                         0x08000edc   Section        0  stm32f4xx_hal_spi.o(i.HAL_SPI_DeInit)
    i.HAL_SPI_Init                           0x08000f12   Section        0  stm32f4xx_hal_spi.o(i.HAL_SPI_Init)
    i.HAL_SPI_MspDeInit                      0x08000fb2   Section        0  stm32f4xx_hal_spi.o(i.HAL_SPI_MspDeInit)
    i.HAL_SPI_MspInit                        0x08000fb4   Section        0  lis3dsh.o(i.HAL_SPI_MspInit)
    i.HAL_SYSTICK_Config                     0x080010a0   Section        0  stm32f4xx_hal_cortex.o(i.HAL_SYSTICK_Config)
    i.HAL_TIMEx_BreakCallback                0x080010d4   Section        0  stm32f4xx_hal_tim_ex.o(i.HAL_TIMEx_BreakCallback)
    i.HAL_TIMEx_CommutationCallback          0x080010d6   Section        0  stm32f4xx_hal_tim_ex.o(i.HAL_TIMEx_CommutationCallback)
    i.HAL_TIM_IC_CaptureCallback             0x080010d8   Section        0  stm32f4xx_hal_tim.o(i.HAL_TIM_IC_CaptureCallback)
    i.HAL_TIM_IRQHandler                     0x080010da   Section        0  stm32f4xx_hal_tim.o(i.HAL_TIM_IRQHandler)
    i.HAL_TIM_OC_DelayElapsedCallback        0x08001270   Section        0  stm32f4xx_hal_tim.o(i.HAL_TIM_OC_DelayElapsedCallback)
    i.HAL_TIM_PWM_PulseFinishedCallback      0x08001272   Section        0  stm32f4xx_hal_tim.o(i.HAL_TIM_PWM_PulseFinishedCallback)
    i.HAL_TIM_PeriodElapsedCallback          0x08001274   Section        0  led_thread.o(i.HAL_TIM_PeriodElapsedCallback)
    i.HAL_TIM_TriggerCallback                0x08001294   Section        0  stm32f4xx_hal_tim.o(i.HAL_TIM_TriggerCallback)
    i.HardFault_Handler                      0x08001296   Section        0  stm32f4xx_it.o(i.HardFault_Handler)
    i.ITM_SendChar                           0x0800129c   Section        0  retarget_io.o(i.ITM_SendChar)
    i.MemManage_Handler                      0x080012cc   Section        0  stm32f4xx_it.o(i.MemManage_Handler)
    i.NMI_Handler                            0x080012d0   Section        0  stm32f4xx_it.o(i.NMI_Handler)
    i.OTG_FS_IRQHandler                      0x080012d2   Section        0  otg_fs_stm32f4xx.o(i.OTG_FS_IRQHandler)
    i.SystemClock_Config                     0x080012ec   Section        0  sysclk_config.o(i.SystemClock_Config)
    i.SystemInit                             0x08001394   Section        0  system_stm32f4xx.o(i.SystemInit)
    i.TIM3_IRQHandler                        0x080013f8   Section        0  stm32f4xx_it.o(i.TIM3_IRQHandler)
    i.USBD_DeviceSetAddress                  0x08001408   Section        0  usbd_fs_stm32f4xx.o(i.USBD_DeviceSetAddress)
    USBD_DeviceSetAddress                    0x08001409   Thumb Code    30  usbd_fs_stm32f4xx.o(i.USBD_DeviceSetAddress)
    i.USBD_EndpointReadSet                   0x08001430   Section        0  usbd_fs_stm32f4xx.o(i.USBD_EndpointReadSet)
    USBD_EndpointReadSet                     0x08001431   Thumb Code   174  usbd_fs_stm32f4xx.o(i.USBD_EndpointReadSet)
    i.USBD_FS_IRQ                            0x080014ec   Section        0  usbd_fs_stm32f4xx.o(i.USBD_FS_IRQ)
    i.USBD_FlushInEpFifo                     0x08001b10   Section        0  usbd_fs_stm32f4xx.o(i.USBD_FlushInEpFifo)
    USBD_FlushInEpFifo                       0x08001b11   Thumb Code    60  usbd_fs_stm32f4xx.o(i.USBD_FlushInEpFifo)
    i.USBD_GetFrameNumber                    0x08001b4c   Section        0  usbd_fs_stm32f4xx.o(i.USBD_GetFrameNumber)
    USBD_GetFrameNumber                      0x08001b4d   Thumb Code    20  usbd_fs_stm32f4xx.o(i.USBD_GetFrameNumber)
    i.USBD_ReadFromFifo                      0x08001b68   Section        0  usbd_fs_stm32f4xx.o(i.USBD_ReadFromFifo)
    USBD_ReadFromFifo                        0x08001b69   Thumb Code   206  usbd_fs_stm32f4xx.o(i.USBD_ReadFromFifo)
    i.USBD_Reset                             0x08001c48   Section        0  usbd_fs_stm32f4xx.o(i.USBD_Reset)
    USBD_Reset                               0x08001c49   Thumb Code   218  usbd_fs_stm32f4xx.o(i.USBD_Reset)
    i.USBD_WriteToFifo                       0x08001d40   Section        0  usbd_fs_stm32f4xx.o(i.USBD_WriteToFifo)
    USBD_WriteToFifo                         0x08001d41   Thumb Code   238  usbd_fs_stm32f4xx.o(i.USBD_WriteToFifo)
    i.UsageFault_Handler                     0x08001e40   Section        0  stm32f4xx_it.o(i.UsageFault_Handler)
    i.__0printf$1                            0x08001e44   Section        0  printf1.o(i.__0printf$1)
    i.__NVIC_GetPriorityGrouping             0x08001e64   Section        0  stm32f4xx_hal_cortex.o(i.__NVIC_GetPriorityGrouping)
    __NVIC_GetPriorityGrouping               0x08001e65   Thumb Code    10  stm32f4xx_hal_cortex.o(i.__NVIC_GetPriorityGrouping)
    i.__NVIC_SetPriority                     0x08001e74   Section        0  stm32f4xx_hal_cortex.o(i.__NVIC_SetPriority)
    __NVIC_SetPriority                       0x08001e75   Thumb Code    32  stm32f4xx_hal_cortex.o(i.__NVIC_SetPriority)
    i.__scatterload_copy                     0x08001e9c   Section       14  handlers.o(i.__scatterload_copy)
    i.__scatterload_null                     0x08001eaa   Section        2  handlers.o(i.__scatterload_null)
    i.__scatterload_zeroinit                 0x08001eac   Section       14  handlers.o(i.__scatterload_zeroinit)
    i._init_box                              0x08001eba   Section        0  rt_membox.o(i._init_box)
    i._printf_core                           0x08001f00   Section        0  printf1.o(i._printf_core)
    _printf_core                             0x08001f01   Thumb Code   336  printf1.o(i._printf_core)
    i.cc2500_LowLevel_Init                   0x08002054   Section        0  cc2500.o(i.cc2500_LowLevel_Init)
    i.cc2500_One_Byte_Read                   0x08002130   Section        0  cc2500.o(i.cc2500_One_Byte_Read)
    i.cc2500_Read                            0x08002164   Section        0  cc2500.o(i.cc2500_Read)
    i.cc2500_Read_Status_Register            0x080021b0   Section        0  cc2500.o(i.cc2500_Read_Status_Register)
    i.cc2500_Receive_Data                    0x080021c4   Section        0  cc2500.o(i.cc2500_Receive_Data)
    i.cc2500_SPI_ReceiveData                 0x08002240   Section        0  cc2500.o(i.cc2500_SPI_ReceiveData)
    i.cc2500_SPI_SendData                    0x0800224a   Section        0  cc2500.o(i.cc2500_SPI_SendData)
    i.cc2500_SendByte                        0x08002250   Section        0  cc2500.o(i.cc2500_SendByte)
    i.cc2500_Send_Command_Strobe             0x080022bc   Section        0  cc2500.o(i.cc2500_Send_Command_Strobe)
    i.cc2500_Write                           0x080022d0   Section        0  cc2500.o(i.cc2500_Write)
    i.cc2500_configure_registers             0x08002314   Section        0  cc2500.o(i.cc2500_configure_registers)
    i.cc2500_gpio_init                       0x08002398   Section        0  cc2500.o(i.cc2500_gpio_init)
    i.dbg_init                               0x08002444   Section        0  hal_cm.o(i.dbg_init)
    i.dbg_task_notify                        0x08002474   Section        0  hal_cm.o(i.dbg_task_notify)
    i.dbg_task_switch                        0x08002494   Section        0  hal_cm.o(i.dbg_task_switch)
    i.fputc                                  0x080024a4   Section        0  retarget_io.o(i.fputc)
    i.isrMessageGet                          0x080024c4   Section        0  rt_cmsis.o(i.isrMessageGet)
    i.isrMessagePut                          0x080024ee   Section        0  rt_cmsis.o(i.isrMessagePut)
    i.isrSignalSet                           0x0800251a   Section        0  rt_cmsis.o(i.isrSignalSet)
    i.isr_evt_set                            0x08002540   Section        0  rt_event.o(i.isr_evt_set)
    i.isr_mbx_receive                        0x08002568   Section        0  rt_mailbox.o(i.isr_mbx_receive)
    i.isr_mbx_send                           0x080025be   Section        0  rt_mailbox.o(i.isr_mbx_send)
    i.main                                   0x080025cc   Section        0  main.o(i.main)
    i.osDelay                                0x0800262c   Section        0  rt_cmsis.o(i.osDelay)
    i.osKernelInitialize                     0x08002644   Section        0  rt_cmsis.o(i.osKernelInitialize)
    i.osKernelStart                          0x08002668   Section        0  rt_cmsis.o(i.osKernelStart)
    i.osMessageGet                           0x080026d4   Section        0  rt_cmsis.o(i.osMessageGet)
    i.osSignalSet                            0x080026ec   Section        0  rt_cmsis.o(i.osSignalSet)
    i.osThreadCreate                         0x08002704   Section        0  rt_cmsis.o(i.osThreadCreate)
    i.osThreadExit                           0x08002734   Section        0  rt_cmsis.o(i.osThreadExit)
    i.osTimerCall                            0x0800274c   Section        0  rt_cmsis.o(i.osTimerCall)
    i.osTimerThread                          0x08002758   Section        0  rt_cmsis.o(i.osTimerThread)
    i.os_error                               0x08002784   Section        0  rtx_conf_cm.o(i.os_error)
    i.os_idle_demon                          0x080027a6   Section        0  rtx_conf_cm.o(i.os_idle_demon)
    i.os_tick_init                           0x080027ac   Section        0  rt_system.o(i.os_tick_init)
    i.os_tick_irqack                         0x080027d4   Section        0  rt_system.o(i.os_tick_irqack)
    i.rt_alloc_box                           0x080027d6   Section        0  rt_membox.o(i.rt_alloc_box)
    i.rt_alloc_mem                           0x080027f0   Section        0  rt_memory.o(i.rt_alloc_mem)
    i.rt_block                               0x08002830   Section        0  rt_task.o(i.rt_block)
    i.rt_chk_robin                           0x08002868   Section        0  rt_robin.o(i.rt_chk_robin)
    i.rt_dec_dly                             0x080028b0   Section        0  rt_list.o(i.rt_dec_dly)
    i.rt_dispatch                            0x08002920   Section        0  rt_task.o(i.rt_dispatch)
    i.rt_dly_wait                            0x08002964   Section        0  rt_time.o(i.rt_dly_wait)
    i.rt_evt_psh                             0x0800296c   Section        0  rt_event.o(i.rt_evt_psh)
    i.rt_evt_set                             0x080029bc   Section        0  rt_event.o(i.rt_evt_set)
    i.rt_free_box                            0x08002a18   Section        0  rt_membox.o(i.rt_free_box)
    i.rt_free_mem                            0x08002a44   Section        0  rt_memory.o(i.rt_free_mem)
    i.rt_get_first                           0x08002a6c   Section        0  rt_list.o(i.rt_get_first)
    i.rt_id2obj                              0x08002a94   Section        0  rt_cmsis.o(i.rt_id2obj)
    rt_id2obj                                0x08002a95   Thumb Code     8  rt_cmsis.o(i.rt_id2obj)
    i.rt_init_context                        0x08002a9c   Section        0  rt_task.o(i.rt_init_context)
    rt_init_context                          0x08002a9d   Thumb Code    66  rt_task.o(i.rt_init_context)
    i.rt_init_mem                            0x08002ae4   Section        0  rt_memory.o(i.rt_init_mem)
    i.rt_init_robin                          0x08002b00   Section        0  rt_robin.o(i.rt_init_robin)
    i.rt_init_stack                          0x08002b18   Section        0  hal_cm.o(i.rt_init_stack)
    i.rt_mbx_check                           0x08002b98   Section        0  rt_mailbox.o(i.rt_mbx_check)
    i.rt_mbx_init                            0x08002ba0   Section        0  rt_mailbox.o(i.rt_mbx_init)
    i.rt_mbx_psh                             0x08002bbc   Section        0  rt_mailbox.o(i.rt_mbx_psh)
    i.rt_mbx_wait                            0x08002cac   Section        0  rt_mailbox.o(i.rt_mbx_wait)
    i.rt_ms2tick                             0x08002d60   Section        0  rt_cmsis.o(i.rt_ms2tick)
    rt_ms2tick                               0x08002d61   Thumb Code    58  rt_cmsis.o(i.rt_ms2tick)
    i.rt_pop_req                             0x08002da4   Section        0  rt_system.o(i.rt_pop_req)
    i.rt_psh_req                             0x08002e20   Section        0  rt_system.o(i.rt_psh_req)
    i.rt_psq_enq                             0x08002e40   Section        0  rt_list.o(i.rt_psq_enq)
    i.rt_put_dly                             0x08002e9c   Section        0  rt_list.o(i.rt_put_dly)
    i.rt_put_prio                            0x08002ee4   Section        0  rt_list.o(i.rt_put_prio)
    i.rt_put_rdy_first                       0x08002f1c   Section        0  rt_list.o(i.rt_put_rdy_first)
    i.rt_resort_prio                         0x08002f30   Section        0  rt_list.o(i.rt_resort_prio)
    i.rt_ret_regs                            0x08002f64   Section        0  hal_cm.o(i.rt_ret_regs)
    rt_ret_regs                              0x08002f65   Thumb Code    16  hal_cm.o(i.rt_ret_regs)
    i.rt_ret_val                             0x08002f74   Section        0  hal_cm.o(i.rt_ret_val)
    i.rt_ret_val2                            0x08002f80   Section        0  hal_cm.o(i.rt_ret_val2)
    i.rt_rmv_dly                             0x08002f90   Section        0  rt_list.o(i.rt_rmv_dly)
    i.rt_rmv_list                            0x08002fb8   Section        0  rt_list.o(i.rt_rmv_list)
    i.rt_sem_psh                             0x08002fe8   Section        0  rt_semaphore.o(i.rt_sem_psh)
    i.rt_stk_check                           0x0800301c   Section        0  rt_system.o(i.rt_stk_check)
    i.rt_switch_req                          0x08003040   Section        0  rt_task.o(i.rt_switch_req)
    i.rt_sys_init                            0x08003068   Section        0  rt_task.o(i.rt_sys_init)
    i.rt_sys_start                           0x08003134   Section        0  rt_task.o(i.rt_sys_start)
    i.rt_systick                             0x080031ac   Section        0  rt_system.o(i.rt_systick)
    i.rt_tid2ptcb                            0x080031ec   Section        0  rt_cmsis.o(i.rt_tid2ptcb)
    rt_tid2ptcb                              0x080031ed   Thumb Code    18  rt_cmsis.o(i.rt_tid2ptcb)
    i.rt_timer_insert                        0x08003200   Section        0  rt_cmsis.o(i.rt_timer_insert)
    rt_timer_insert                          0x08003201   Thumb Code    48  rt_cmsis.o(i.rt_timer_insert)
    i.rt_tsk_create                          0x08003234   Section        0  rt_task.o(i.rt_tsk_create)
    i.rt_tsk_delete                          0x080032bc   Section        0  rt_task.o(i.rt_tsk_delete)
    i.rt_tsk_prio                            0x08003438   Section        0  rt_task.o(i.rt_tsk_prio)
    i.rt_tsk_self                            0x080034b4   Section        0  rt_task.o(i.rt_tsk_self)
    i.stdout_putchar                         0x080034c4   Section        0  retarget_io.o(i.stdout_putchar)
    stdout_putchar                           0x080034c5   Thumb Code    12  retarget_io.o(i.stdout_putchar)
    i.svcDelay                               0x080034d0   Section        0  rt_cmsis.o(i.svcDelay)
    i.svcKernelInitialize                    0x080034e4   Section        0  rt_cmsis.o(i.svcKernelInitialize)
    i.svcKernelStart                         0x08003554   Section        0  rt_cmsis.o(i.svcKernelStart)
    i.svcMessageCreate                       0x0800359c   Section        0  rt_cmsis.o(i.svcMessageCreate)
    i.svcMessageGet                          0x080035c0   Section        0  rt_cmsis.o(i.svcMessageGet)
    i.svcSignalSet                           0x080035fa   Section        0  rt_cmsis.o(i.svcSignalSet)
    i.svcThreadCreate                        0x08003620   Section        0  rt_cmsis.o(i.svcThreadCreate)
    i.svcThreadGetId                         0x08003690   Section        0  rt_cmsis.o(i.svcThreadGetId)
    i.svcThreadTerminate                     0x080036ac   Section        0  rt_cmsis.o(i.svcThreadTerminate)
    i.svcTimerCall                           0x080036e4   Section        0  rt_cmsis.o(i.svcTimerCall)
    i.sysTimerTick                           0x080036fc   Section        0  rt_cmsis.o(i.sysTimerTick)
    .constdata                               0x08003758   Section      104  rtx_conf_cm.o(.constdata)
    __tagsym$$used                           0x08003774   Number         0  rtx_conf_cm.o(.constdata)
    __tagsym$$used                           0x08003778   Number         0  rtx_conf_cm.o(.constdata)
    __tagsym$$used                           0x0800377c   Number         0  rtx_conf_cm.o(.constdata)
    __tagsym$$used                           0x08003780   Number         0  rtx_conf_cm.o(.constdata)
    .constdata                               0x080037c0   Section       16  stm32f4xx_hal_rcc.o(.constdata)
    .data                                    0x20000000   Section        4  led_thread.o(.data)
    .data                                    0x20000004   Section        6  cc2500.o(.data)
    .data                                    0x2000000c   Section       16  rtx_conf_cm.o(.data)
    .data                                    0x2000001c   Section       32  usbd_fs_stm32f4xx.o(.data)
    SignalDeviceEvent                        0x2000001c   Data           4  usbd_fs_stm32f4xx.o(.data)
    SignalEndpointEvent                      0x20000020   Data           4  usbd_fs_stm32f4xx.o(.data)
    hw_powered                               0x20000024   Data           1  usbd_fs_stm32f4xx.o(.data)
    hw_initialized                           0x20000025   Data           1  usbd_fs_stm32f4xx.o(.data)
    usbd_state                               0x20000028   Data           4  usbd_fs_stm32f4xx.o(.data)
    setup_packet                             0x2000002c   Data           8  usbd_fs_stm32f4xx.o(.data)
    setup_received                           0x20000034   Data           1  usbd_fs_stm32f4xx.o(.data)
    IsoInIncomplete                          0x20000038   Data           4  usbd_fs_stm32f4xx.o(.data)
    .data                                    0x2000003c   Section        4  stm32f4xx_hal.o(.data)
    .data                                    0x20000040   Section        4  system_stm32f4xx.o(.data)
    .data                                    0x20000044   Section        8  rt_cmsis.o(.data)
    .data                                    0x2000004c   Section        8  rt_task.o(.data)
    .data                                    0x20000054   Section        8  rt_system.o(.data)
    os_lock                                  0x20000054   Data           1  rt_system.o(.data)
    os_psh_flag                              0x20000055   Data           1  rt_system.o(.data)
    pend_flags                               0x20000056   Data           1  rt_system.o(.data)
    .data                                    0x2000005c   Section        4  rt_time.o(.data)
    .data                                    0x20000060   Section        1  hal_cm.o(.data)
    .data                                    0x20000064   Section        8  rt_robin.o(.data)
    .data                                    0x2000006c   Section        4  stdout.o(.data)
    .bss                                     0x20000070   Section       60  led_thread.o(.bss)
    .bss                                     0x200000ac   Section       88  cc2500.o(.bss)
    .bss                                     0x20000108   Section     6704  rtx_conf_cm.o(.bss)
    .bss                                     0x20001b38   Section      160  usbd_fs_stm32f4xx.o(.bss)
    ep                                       0x20001b38   Data         160  usbd_fs_stm32f4xx.o(.bss)
    .bss                                     0x20001bd8   Section       52  rt_task.o(.bss)
    .bss                                     0x20001c0c   Section       48  rt_list.o(.bss)
    STACK                                    0x20001c40   Section     1024  startup_stm32f407xx.o(STACK)

    Global Symbols

    Symbol Name                              Value     Ov Type        Size  Object(Section)

    BuildAttributes$$THM_ISAv4$E$P$D$K$B$S$7EM$VFPi3$EXTD16$VFPS$VFMA$PE$A:L22UL41UL21$X:L11$S22US41US21$IEEE1$IW$~IW$USESV6$~STKCKD$USESV7$~SHL$OSPACE$ROPI$EBA8$MICROLIB$REQ8$PRES8$EABIv2 0x00000000   Number         0  anon$$obj.o ABSOLUTE
    __ARM_use_no_argv                        0x00000000   Number         0  main.o ABSOLUTE
    _printf_a                                0x00000000   Number         0  stubs.o ABSOLUTE
    _printf_c                                0x00000000   Number         0  stubs.o ABSOLUTE
    _printf_charcount                        0x00000000   Number         0  stubs.o ABSOLUTE
    _printf_d                                0x00000000   Number         0  stubs.o ABSOLUTE
    _printf_e                                0x00000000   Number         0  stubs.o ABSOLUTE
    _printf_f                                0x00000000   Number         0  stubs.o ABSOLUTE
    _printf_flags                            0x00000000   Number         0  stubs.o ABSOLUTE
    _printf_fp_dec                           0x00000000   Number         0  stubs.o ABSOLUTE
    _printf_fp_hex                           0x00000000   Number         0  stubs.o ABSOLUTE
    _printf_g                                0x00000000   Number         0  stubs.o ABSOLUTE
    _printf_i                                0x00000000   Number         0  stubs.o ABSOLUTE
    _printf_int_dec                          0x00000000   Number         0  stubs.o ABSOLUTE
    _printf_l                                0x00000000   Number         0  stubs.o ABSOLUTE
    _printf_lc                               0x00000000   Number         0  stubs.o ABSOLUTE
    _printf_ll                               0x00000000   Number         0  stubs.o ABSOLUTE
    _printf_lld                              0x00000000   Number         0  stubs.o ABSOLUTE
    _printf_lli                              0x00000000   Number         0  stubs.o ABSOLUTE
    _printf_llo                              0x00000000   Number         0  stubs.o ABSOLUTE
    _printf_llu                              0x00000000   Number         0  stubs.o ABSOLUTE
    _printf_llx                              0x00000000   Number         0  stubs.o ABSOLUTE
    _printf_longlong_dec                     0x00000000   Number         0  stubs.o ABSOLUTE
    _printf_longlong_hex                     0x00000000   Number         0  stubs.o ABSOLUTE
    _printf_longlong_oct                     0x00000000   Number         0  stubs.o ABSOLUTE
    _printf_ls                               0x00000000   Number         0  stubs.o ABSOLUTE
    _printf_mbtowc                           0x00000000   Number         0  stubs.o ABSOLUTE
    _printf_n                                0x00000000   Number         0  stubs.o ABSOLUTE
    _printf_o                                0x00000000   Number         0  stubs.o ABSOLUTE
    _printf_p                                0x00000000   Number         0  stubs.o ABSOLUTE
    _printf_percent                          0x00000000   Number         0  stubs.o ABSOLUTE
    _printf_pre_padding                      0x00000000   Number         0  stubs.o ABSOLUTE
    _printf_return_value                     0x00000000   Number         0  stubs.o ABSOLUTE
    _printf_s                                0x00000000   Number         0  stubs.o ABSOLUTE
    _printf_sizespec                         0x00000000   Number         0  stubs.o ABSOLUTE
    _printf_str                              0x00000000   Number         0  stubs.o ABSOLUTE
    _printf_truncate_signed                  0x00000000   Number         0  stubs.o ABSOLUTE
    _printf_truncate_unsigned                0x00000000   Number         0  stubs.o ABSOLUTE
    _printf_u                                0x00000000   Number         0  stubs.o ABSOLUTE
    _printf_wc                               0x00000000   Number         0  stubs.o ABSOLUTE
    _printf_wctomb                           0x00000000   Number         0  stubs.o ABSOLUTE
    _printf_widthprec                        0x00000000   Number         0  stubs.o ABSOLUTE
    _printf_x                                0x00000000   Number         0  stubs.o ABSOLUTE
    __cpp_initialize__aeabi_                  - Undefined Weak Reference
    __cxa_finalize                            - Undefined Weak Reference
    __decompress                              - Undefined Weak Reference
    _clock_init                               - Undefined Weak Reference
    _microlib_exit                            - Undefined Weak Reference
    __Vectors_Size                           0x00000188   Number         0  startup_stm32f407xx.o ABSOLUTE
    __RL_RTX_VER                             0x00000481   Number         0  rt_system.o ABSOLUTE
    __MW_USB_VER                             0x06070000   Number         0  usb_version.o ABSOLUTE
    __Vectors                                0x08000000   Data           4  startup_stm32f407xx.o(RESET)
    __Vectors_End                            0x08000188   Data           0  startup_stm32f407xx.o(RESET)
    __main                                   0x08000189   Thumb Code     0  entry.o(.ARM.Collect$$$$00000000)
    _main_stk                                0x08000189   Thumb Code     0  entry2.o(.ARM.Collect$$$$00000001)
    _main_scatterload                        0x0800018d   Thumb Code     0  entry5.o(.ARM.Collect$$$$00000004)
    __main_after_scatterload                 0x08000191   Thumb Code     0  entry5.o(.ARM.Collect$$$$00000004)
    __rt_final_cpp                           0x08000191   Thumb Code     0  entry10a.o(.ARM.Collect$$$$0000000D)
    __rt_final_exit                          0x08000191   Thumb Code     0  entry11a.o(.ARM.Collect$$$$0000000F)
    _main_clock                              0x08000191   Thumb Code     0  entry7b.o(.ARM.Collect$$$$00000008)
    _main_cpp_init                           0x08000191   Thumb Code     0  entry8b.o(.ARM.Collect$$$$0000000A)
    _main_init                               0x08000191   Thumb Code    18  rtx_conf_cm.o(.ARM.Collect$$$$000000FF)
    rt_set_PSP                               0x080001ad   Thumb Code     6  hal_cm4.o(.emb_text)
    rt_get_PSP                               0x080001b3   Thumb Code     6  hal_cm4.o(.emb_text)
    os_set_env                               0x080001b9   Thumb Code    24  hal_cm4.o(.emb_text)
    _alloc_box                               0x080001d5   Thumb Code    28  hal_cm4.o(.emb_text)
    _free_box                                0x080001f5   Thumb Code    28  hal_cm4.o(.emb_text)
    SVC_Handler                              0x08000215   Thumb Code   168  hal_cm4.o(.emb_text)
    PendSV_Handler                           0x080002cd   Thumb Code    96  hal_cm4.o(.emb_text)
    SysTick_Handler                          0x08000331   Thumb Code     8  hal_cm4.o(.emb_text)
    OS_Tick_Handler                          0x08000339   Thumb Code    12  hal_cm4.o(.emb_text)
    Reset_Handler                            0x08000345   Thumb Code     8  startup_stm32f407xx.o(.text)
    ADC_IRQHandler                           0x0800035f   Thumb Code     0  startup_stm32f407xx.o(.text)
    CAN1_RX0_IRQHandler                      0x0800035f   Thumb Code     0  startup_stm32f407xx.o(.text)
    CAN1_RX1_IRQHandler                      0x0800035f   Thumb Code     0  startup_stm32f407xx.o(.text)
    CAN1_SCE_IRQHandler                      0x0800035f   Thumb Code     0  startup_stm32f407xx.o(.text)
    CAN1_TX_IRQHandler                       0x0800035f   Thumb Code     0  startup_stm32f407xx.o(.text)
    CAN2_RX0_IRQHandler                      0x0800035f   Thumb Code     0  startup_stm32f407xx.o(.text)
    CAN2_RX1_IRQHandler                      0x0800035f   Thumb Code     0  startup_stm32f407xx.o(.text)
    CAN2_SCE_IRQHandler                      0x0800035f   Thumb Code     0  startup_stm32f407xx.o(.text)
    CAN2_TX_IRQHandler                       0x0800035f   Thumb Code     0  startup_stm32f407xx.o(.text)
    DCMI_IRQHandler                          0x0800035f   Thumb Code     0  startup_stm32f407xx.o(.text)
    DMA1_Stream0_IRQHandler                  0x0800035f   Thumb Code     0  startup_stm32f407xx.o(.text)
    DMA1_Stream1_IRQHandler                  0x0800035f   Thumb Code     0  startup_stm32f407xx.o(.text)
    DMA1_Stream2_IRQHandler                  0x0800035f   Thumb Code     0  startup_stm32f407xx.o(.text)
    DMA1_Stream3_IRQHandler                  0x0800035f   Thumb Code     0  startup_stm32f407xx.o(.text)
    DMA1_Stream4_IRQHandler                  0x0800035f   Thumb Code     0  startup_stm32f407xx.o(.text)
    DMA1_Stream5_IRQHandler                  0x0800035f   Thumb Code     0  startup_stm32f407xx.o(.text)
    DMA1_Stream6_IRQHandler                  0x0800035f   Thumb Code     0  startup_stm32f407xx.o(.text)
    DMA1_Stream7_IRQHandler                  0x0800035f   Thumb Code     0  startup_stm32f407xx.o(.text)
    DMA2_Stream0_IRQHandler                  0x0800035f   Thumb Code     0  startup_stm32f407xx.o(.text)
    DMA2_Stream1_IRQHandler                  0x0800035f   Thumb Code     0  startup_stm32f407xx.o(.text)
    DMA2_Stream2_IRQHandler                  0x0800035f   Thumb Code     0  startup_stm32f407xx.o(.text)
    DMA2_Stream3_IRQHandler                  0x0800035f   Thumb Code     0  startup_stm32f407xx.o(.text)
    DMA2_Stream4_IRQHandler                  0x0800035f   Thumb Code     0  startup_stm32f407xx.o(.text)
    DMA2_Stream5_IRQHandler                  0x0800035f   Thumb Code     0  startup_stm32f407xx.o(.text)
    DMA2_Stream6_IRQHandler                  0x0800035f   Thumb Code     0  startup_stm32f407xx.o(.text)
    DMA2_Stream7_IRQHandler                  0x0800035f   Thumb Code     0  startup_stm32f407xx.o(.text)
    ETH_IRQHandler                           0x0800035f   Thumb Code     0  startup_stm32f407xx.o(.text)
    ETH_WKUP_IRQHandler                      0x0800035f   Thumb Code     0  startup_stm32f407xx.o(.text)
    EXTI0_IRQHandler                         0x0800035f   Thumb Code     0  startup_stm32f407xx.o(.text)
    EXTI15_10_IRQHandler                     0x0800035f   Thumb Code     0  startup_stm32f407xx.o(.text)
    EXTI1_IRQHandler                         0x0800035f   Thumb Code     0  startup_stm32f407xx.o(.text)
    EXTI2_IRQHandler                         0x0800035f   Thumb Code     0  startup_stm32f407xx.o(.text)
    EXTI3_IRQHandler                         0x0800035f   Thumb Code     0  startup_stm32f407xx.o(.text)
    EXTI4_IRQHandler                         0x0800035f   Thumb Code     0  startup_stm32f407xx.o(.text)
    EXTI9_5_IRQHandler                       0x0800035f   Thumb Code     0  startup_stm32f407xx.o(.text)
    FLASH_IRQHandler                         0x0800035f   Thumb Code     0  startup_stm32f407xx.o(.text)
    FMC_IRQHandler                           0x0800035f   Thumb Code     0  startup_stm32f407xx.o(.text)
    FPU_IRQHandler                           0x0800035f   Thumb Code     0  startup_stm32f407xx.o(.text)
    HASH_RNG_IRQHandler                      0x0800035f   Thumb Code     0  startup_stm32f407xx.o(.text)
    I2C1_ER_IRQHandler                       0x0800035f   Thumb Code     0  startup_stm32f407xx.o(.text)
    I2C1_EV_IRQHandler                       0x0800035f   Thumb Code     0  startup_stm32f407xx.o(.text)
    I2C2_ER_IRQHandler                       0x0800035f   Thumb Code     0  startup_stm32f407xx.o(.text)
    I2C2_EV_IRQHandler                       0x0800035f   Thumb Code     0  startup_stm32f407xx.o(.text)
    I2C3_ER_IRQHandler                       0x0800035f   Thumb Code     0  startup_stm32f407xx.o(.text)
    I2C3_EV_IRQHandler                       0x0800035f   Thumb Code     0  startup_stm32f407xx.o(.text)
    OTG_FS_WKUP_IRQHandler                   0x0800035f   Thumb Code     0  startup_stm32f407xx.o(.text)
    OTG_HS_EP1_IN_IRQHandler                 0x0800035f   Thumb Code     0  startup_stm32f407xx.o(.text)
    OTG_HS_EP1_OUT_IRQHandler                0x0800035f   Thumb Code     0  startup_stm32f407xx.o(.text)
    OTG_HS_IRQHandler                        0x0800035f   Thumb Code     0  startup_stm32f407xx.o(.text)
    OTG_HS_WKUP_IRQHandler                   0x0800035f   Thumb Code     0  startup_stm32f407xx.o(.text)
    PVD_IRQHandler                           0x0800035f   Thumb Code     0  startup_stm32f407xx.o(.text)
    RCC_IRQHandler                           0x0800035f   Thumb Code     0  startup_stm32f407xx.o(.text)
    RTC_Alarm_IRQHandler                     0x0800035f   Thumb Code     0  startup_stm32f407xx.o(.text)
    RTC_WKUP_IRQHandler                      0x0800035f   Thumb Code     0  startup_stm32f407xx.o(.text)
    SDIO_IRQHandler                          0x0800035f   Thumb Code     0  startup_stm32f407xx.o(.text)
    SPI1_IRQHandler                          0x0800035f   Thumb Code     0  startup_stm32f407xx.o(.text)
    SPI2_IRQHandler                          0x0800035f   Thumb Code     0  startup_stm32f407xx.o(.text)
    SPI3_IRQHandler                          0x0800035f   Thumb Code     0  startup_stm32f407xx.o(.text)
    TAMP_STAMP_IRQHandler                    0x0800035f   Thumb Code     0  startup_stm32f407xx.o(.text)
    TIM1_BRK_TIM9_IRQHandler                 0x0800035f   Thumb Code     0  startup_stm32f407xx.o(.text)
    TIM1_CC_IRQHandler                       0x0800035f   Thumb Code     0  startup_stm32f407xx.o(.text)
    TIM1_TRG_COM_TIM11_IRQHandler            0x0800035f   Thumb Code     0  startup_stm32f407xx.o(.text)
    TIM1_UP_TIM10_IRQHandler                 0x0800035f   Thumb Code     0  startup_stm32f407xx.o(.text)
    TIM2_IRQHandler                          0x0800035f   Thumb Code     0  startup_stm32f407xx.o(.text)
    TIM4_IRQHandler                          0x0800035f   Thumb Code     0  startup_stm32f407xx.o(.text)
    TIM5_IRQHandler                          0x0800035f   Thumb Code     0  startup_stm32f407xx.o(.text)
    TIM6_DAC_IRQHandler                      0x0800035f   Thumb Code     0  startup_stm32f407xx.o(.text)
    TIM7_IRQHandler                          0x0800035f   Thumb Code     0  startup_stm32f407xx.o(.text)
    TIM8_BRK_TIM12_IRQHandler                0x0800035f   Thumb Code     0  startup_stm32f407xx.o(.text)
    TIM8_CC_IRQHandler                       0x0800035f   Thumb Code     0  startup_stm32f407xx.o(.text)
    TIM8_TRG_COM_TIM14_IRQHandler            0x0800035f   Thumb Code     0  startup_stm32f407xx.o(.text)
    TIM8_UP_TIM13_IRQHandler                 0x0800035f   Thumb Code     0  startup_stm32f407xx.o(.text)
    UART4_IRQHandler                         0x0800035f   Thumb Code     0  startup_stm32f407xx.o(.text)
    UART5_IRQHandler                         0x0800035f   Thumb Code     0  startup_stm32f407xx.o(.text)
    USART1_IRQHandler                        0x0800035f   Thumb Code     0  startup_stm32f407xx.o(.text)
    USART2_IRQHandler                        0x0800035f   Thumb Code     0  startup_stm32f407xx.o(.text)
    USART3_IRQHandler                        0x0800035f   Thumb Code     0  startup_stm32f407xx.o(.text)
    USART6_IRQHandler                        0x0800035f   Thumb Code     0  startup_stm32f407xx.o(.text)
    WWDG_IRQHandler                          0x0800035f   Thumb Code     0  startup_stm32f407xx.o(.text)
    __aeabi_memcpy                           0x08000369   Thumb Code    36  memcpya.o(.text)
    __aeabi_memcpy4                          0x08000369   Thumb Code     0  memcpya.o(.text)
    __aeabi_memcpy8                          0x08000369   Thumb Code     0  memcpya.o(.text)
    __aeabi_memset                           0x0800038d   Thumb Code    14  memseta.o(.text)
    __aeabi_memset4                          0x0800038d   Thumb Code     0  memseta.o(.text)
    __aeabi_memset8                          0x0800038d   Thumb Code     0  memseta.o(.text)
    __aeabi_memclr                           0x0800039b   Thumb Code     4  memseta.o(.text)
    __aeabi_memclr4                          0x0800039b   Thumb Code     0  memseta.o(.text)
    __aeabi_memclr8                          0x0800039b   Thumb Code     0  memseta.o(.text)
    _memset$wrapper                          0x0800039f   Thumb Code    18  memseta.o(.text)
    __aeabi_uidiv                            0x080003b1   Thumb Code     0  uidiv.o(.text)
    __aeabi_uidivmod                         0x080003b1   Thumb Code    44  uidiv.o(.text)
    __scatterload                            0x080003dd   Thumb Code    28  init.o(.text)
    __scatterload_rt2                        0x080003dd   Thumb Code     0  init.o(.text)
    SVC_Count                                0x08000400   Data           4  svc_table.o(SVC_TABLE)
    BusFault_Handler                         0x08000405   Thumb Code     4  stm32f4xx_it.o(i.BusFault_Handler)
    SVC_Table                                0x08000404   Data           0  svc_table.o(SVC_TABLE)
    DebugMon_Handler                         0x08000409   Thumb Code     2  stm32f4xx_it.o(i.DebugMon_Handler)
    Error_Handler                            0x0800040d   Thumb Code    78  supporting_functions.o(i.Error_Handler)
    HAL_GPIO_Init                            0x0800058d   Thumb Code   476  stm32f4xx_hal_gpio.o(i.HAL_GPIO_Init)
    HAL_GPIO_WritePin                        0x08000799   Thumb Code    12  stm32f4xx_hal_gpio.o(i.HAL_GPIO_WritePin)
    HAL_GetTick                              0x080007a5   Thumb Code     6  stm32f4xx_hal.o(i.HAL_GetTick)
    HAL_Init                                 0x080007b1   Thumb Code    54  stm32f4xx_hal.o(i.HAL_Init)
    HAL_InitTick                             0x080007ed   Thumb Code    36  stm32f4xx_hal.o(i.HAL_InitTick)
    HAL_MspInit                              0x08000815   Thumb Code     2  stm32f4xx_hal.o(i.HAL_MspInit)
    HAL_NVIC_SetPriority                     0x08000817   Thumb Code   124  stm32f4xx_hal_cortex.o(i.HAL_NVIC_SetPriority)
    HAL_NVIC_SetPriorityGrouping             0x08000895   Thumb Code    32  stm32f4xx_hal_cortex.o(i.HAL_NVIC_SetPriorityGrouping)
    HAL_RCC_ClockConfig                      0x080008bd   Thumb Code   446  stm32f4xx_hal_rcc.o(i.HAL_RCC_ClockConfig)
    HAL_RCC_GetSysClockFreq                  0x08000a8d   Thumb Code   168  stm32f4xx_hal_rcc.o(i.HAL_RCC_GetSysClockFreq)
    HAL_RCC_OscConfig                        0x08000b41   Thumb Code   906  stm32f4xx_hal_rcc.o(i.HAL_RCC_OscConfig)
    HAL_SPI_DeInit                           0x08000edd   Thumb Code    54  stm32f4xx_hal_spi.o(i.HAL_SPI_DeInit)
    HAL_SPI_Init                             0x08000f13   Thumb Code   160  stm32f4xx_hal_spi.o(i.HAL_SPI_Init)
    HAL_SPI_MspDeInit                        0x08000fb3   Thumb Code     2  stm32f4xx_hal_spi.o(i.HAL_SPI_MspDeInit)
    HAL_SPI_MspInit                          0x08000fb5   Thumb Code   218  lis3dsh.o(i.HAL_SPI_MspInit)
    HAL_SYSTICK_Config                       0x080010a1   Thumb Code    52  stm32f4xx_hal_cortex.o(i.HAL_SYSTICK_Config)
    HAL_TIMEx_BreakCallback                  0x080010d5   Thumb Code     2  stm32f4xx_hal_tim_ex.o(i.HAL_TIMEx_BreakCallback)
    HAL_TIMEx_CommutationCallback            0x080010d7   Thumb Code     2  stm32f4xx_hal_tim_ex.o(i.HAL_TIMEx_CommutationCallback)
    HAL_TIM_IC_CaptureCallback               0x080010d9   Thumb Code     2  stm32f4xx_hal_tim.o(i.HAL_TIM_IC_CaptureCallback)
    HAL_TIM_IRQHandler                       0x080010db   Thumb Code   406  stm32f4xx_hal_tim.o(i.HAL_TIM_IRQHandler)
    HAL_TIM_OC_DelayElapsedCallback          0x08001271   Thumb Code     2  stm32f4xx_hal_tim.o(i.HAL_TIM_OC_DelayElapsedCallback)
    HAL_TIM_PWM_PulseFinishedCallback        0x08001273   Thumb Code     2  stm32f4xx_hal_tim.o(i.HAL_TIM_PWM_PulseFinishedCallback)
    HAL_TIM_PeriodElapsedCallback            0x08001275   Thumb Code    24  led_thread.o(i.HAL_TIM_PeriodElapsedCallback)
    HAL_TIM_TriggerCallback                  0x08001295   Thumb Code     2  stm32f4xx_hal_tim.o(i.HAL_TIM_TriggerCallback)
    HardFault_Handler                        0x08001297   Thumb Code     4  stm32f4xx_it.o(i.HardFault_Handler)
    ITM_SendChar                             0x0800129d   Thumb Code    42  retarget_io.o(i.ITM_SendChar)
    MemManage_Handler                        0x080012cd   Thumb Code     4  stm32f4xx_it.o(i.MemManage_Handler)
    NMI_Handler                              0x080012d1   Thumb Code     2  stm32f4xx_it.o(i.NMI_Handler)
    OTG_FS_IRQHandler                        0x080012d3   Thumb Code    26  otg_fs_stm32f4xx.o(i.OTG_FS_IRQHandler)
    SystemClock_Config                       0x080012ed   Thumb Code   158  sysclk_config.o(i.SystemClock_Config)
    SystemInit                               0x08001395   Thumb Code    82  system_stm32f4xx.o(i.SystemInit)
    TIM3_IRQHandler                          0x080013f9   Thumb Code    10  stm32f4xx_it.o(i.TIM3_IRQHandler)
    USBD_FS_IRQ                              0x080014ed   Thumb Code  1546  usbd_fs_stm32f4xx.o(i.USBD_FS_IRQ)
    UsageFault_Handler                       0x08001e41   Thumb Code     4  stm32f4xx_it.o(i.UsageFault_Handler)
    __0printf$1                              0x08001e45   Thumb Code    22  printf1.o(i.__0printf$1)
    __1printf$1                              0x08001e45   Thumb Code     0  printf1.o(i.__0printf$1)
    __2printf                                0x08001e45   Thumb Code     0  printf1.o(i.__0printf$1)
    __scatterload_copy                       0x08001e9d   Thumb Code    14  handlers.o(i.__scatterload_copy)
    __scatterload_null                       0x08001eab   Thumb Code     2  handlers.o(i.__scatterload_null)
    __scatterload_zeroinit                   0x08001ead   Thumb Code    14  handlers.o(i.__scatterload_zeroinit)
    _init_box                                0x08001ebb   Thumb Code    70  rt_membox.o(i._init_box)
    cc2500_LowLevel_Init                     0x08002055   Thumb Code   160  cc2500.o(i.cc2500_LowLevel_Init)
    cc2500_One_Byte_Read                     0x08002131   Thumb Code    46  cc2500.o(i.cc2500_One_Byte_Read)
    cc2500_Read                              0x08002165   Thumb Code    72  cc2500.o(i.cc2500_Read)
    cc2500_Read_Status_Register              0x080021b1   Thumb Code    20  cc2500.o(i.cc2500_Read_Status_Register)
    cc2500_Receive_Data                      0x080021c5   Thumb Code    90  cc2500.o(i.cc2500_Receive_Data)
    cc2500_SPI_ReceiveData                   0x08002241   Thumb Code    10  cc2500.o(i.cc2500_SPI_ReceiveData)
    cc2500_SPI_SendData                      0x0800224b   Thumb Code     6  cc2500.o(i.cc2500_SPI_SendData)
    cc2500_SendByte                          0x08002251   Thumb Code   100  cc2500.o(i.cc2500_SendByte)
    cc2500_Send_Command_Strobe               0x080022bd   Thumb Code    20  cc2500.o(i.cc2500_Send_Command_Strobe)
    cc2500_Write                             0x080022d1   Thumb Code    64  cc2500.o(i.cc2500_Write)
    cc2500_configure_registers               0x08002315   Thumb Code    58  cc2500.o(i.cc2500_configure_registers)
    cc2500_gpio_init                         0x08002399   Thumb Code   162  cc2500.o(i.cc2500_gpio_init)
    dbg_init                                 0x08002445   Thumb Code    34  hal_cm.o(i.dbg_init)
    dbg_task_notify                          0x08002475   Thumb Code    32  hal_cm.o(i.dbg_task_notify)
    dbg_task_switch                          0x08002495   Thumb Code    16  hal_cm.o(i.dbg_task_switch)
    fputc                                    0x080024a5   Thumb Code    26  retarget_io.o(i.fputc)
    isrMessageGet                            0x080024c5   Thumb Code    42  rt_cmsis.o(i.isrMessageGet)
    isrMessagePut                            0x080024ef   Thumb Code    44  rt_cmsis.o(i.isrMessagePut)
    isrSignalSet                             0x0800251b   Thumb Code    36  rt_cmsis.o(i.isrSignalSet)
    isr_evt_set                              0x08002541   Thumb Code    34  rt_event.o(i.isr_evt_set)
    isr_mbx_receive                          0x08002569   Thumb Code    86  rt_mailbox.o(i.isr_mbx_receive)
    isr_mbx_send                             0x080025bf   Thumb Code    14  rt_mailbox.o(i.isr_mbx_send)
    main                                     0x080025cd   Thumb Code    80  main.o(i.main)
    osDelay                                  0x0800262d   Thumb Code    18  rt_cmsis.o(i.osDelay)
    osKernelInitialize                       0x08002645   Thumb Code    30  rt_cmsis.o(i.osKernelInitialize)
    osKernelStart                            0x08002669   Thumb Code    98  rt_cmsis.o(i.osKernelStart)
    osMessageGet                             0x080026d5   Thumb Code    18  rt_cmsis.o(i.osMessageGet)
    osSignalSet                              0x080026ed   Thumb Code    18  rt_cmsis.o(i.osSignalSet)
    osThreadCreate                           0x08002705   Thumb Code    38  rt_cmsis.o(i.osThreadCreate)
    osThreadExit                             0x08002735   Thumb Code    14  rt_cmsis.o(i.osThreadExit)
    osTimerCall                              0x0800274d   Thumb Code     8  rt_cmsis.o(i.osTimerCall)
    osTimerThread                            0x08002759   Thumb Code    38  rt_cmsis.o(i.osTimerThread)
    os_error                                 0x08002785   Thumb Code    34  rtx_conf_cm.o(i.os_error)
    os_idle_demon                            0x080027a7   Thumb Code     4  rtx_conf_cm.o(i.os_idle_demon)
    os_tick_init                             0x080027ad   Thumb Code    32  rt_system.o(i.os_tick_init)
    os_tick_irqack                           0x080027d5   Thumb Code     2  rt_system.o(i.os_tick_irqack)
    rt_alloc_box                             0x080027d7   Thumb Code    26  rt_membox.o(i.rt_alloc_box)
    rt_alloc_mem                             0x080027f1   Thumb Code    62  rt_memory.o(i.rt_alloc_mem)
    rt_block                                 0x08002831   Thumb Code    48  rt_task.o(i.rt_block)
    rt_chk_robin                             0x08002869   Thumb Code    60  rt_robin.o(i.rt_chk_robin)
    rt_dec_dly                               0x080028b1   Thumb Code   102  rt_list.o(i.rt_dec_dly)
    rt_dispatch                              0x08002921   Thumb Code    60  rt_task.o(i.rt_dispatch)
    rt_dly_wait                              0x08002965   Thumb Code     6  rt_time.o(i.rt_dly_wait)
    rt_evt_psh                               0x0800296d   Thumb Code    76  rt_event.o(i.rt_evt_psh)
    rt_evt_set                               0x080029bd   Thumb Code    88  rt_event.o(i.rt_evt_set)
    rt_free_box                              0x08002a19   Thumb Code    44  rt_membox.o(i.rt_free_box)
    rt_free_mem                              0x08002a45   Thumb Code    40  rt_memory.o(i.rt_free_mem)
    rt_get_first                             0x08002a6d   Thumb Code    40  rt_list.o(i.rt_get_first)
    rt_init_mem                              0x08002ae5   Thumb Code    26  rt_memory.o(i.rt_init_mem)
    rt_init_robin                            0x08002b01   Thumb Code    14  rt_robin.o(i.rt_init_robin)
    rt_init_stack                            0x08002b19   Thumb Code   118  hal_cm.o(i.rt_init_stack)
    rt_mbx_check                             0x08002b99   Thumb Code     8  rt_mailbox.o(i.rt_mbx_check)
    rt_mbx_init                              0x08002ba1   Thumb Code    26  rt_mailbox.o(i.rt_mbx_init)
    rt_mbx_psh                               0x08002bbd   Thumb Code   236  rt_mailbox.o(i.rt_mbx_psh)
    rt_mbx_wait                              0x08002cad   Thumb Code   174  rt_mailbox.o(i.rt_mbx_wait)
    rt_pop_req                               0x08002da5   Thumb Code   112  rt_system.o(i.rt_pop_req)
    rt_psh_req                               0x08002e21   Thumb Code    22  rt_system.o(i.rt_psh_req)
    rt_psq_enq                               0x08002e41   Thumb Code    88  rt_list.o(i.rt_psq_enq)
    rt_put_dly                               0x08002e9d   Thumb Code    68  rt_list.o(i.rt_put_dly)
    rt_put_prio                              0x08002ee5   Thumb Code    54  rt_list.o(i.rt_put_prio)
    rt_put_rdy_first                         0x08002f1d   Thumb Code    14  rt_list.o(i.rt_put_rdy_first)
    rt_resort_prio                           0x08002f31   Thumb Code    46  rt_list.o(i.rt_resort_prio)
    rt_ret_val                               0x08002f75   Thumb Code    12  hal_cm.o(i.rt_ret_val)
    rt_ret_val2                              0x08002f81   Thumb Code    16  hal_cm.o(i.rt_ret_val2)
    rt_rmv_dly                               0x08002f91   Thumb Code    40  rt_list.o(i.rt_rmv_dly)
    rt_rmv_list                              0x08002fb9   Thumb Code    44  rt_list.o(i.rt_rmv_list)
    rt_sem_psh                               0x08002fe9   Thumb Code    48  rt_semaphore.o(i.rt_sem_psh)
    rt_stk_check                             0x0800301d   Thumb Code    28  rt_system.o(i.rt_stk_check)
    rt_switch_req                            0x08003041   Thumb Code    30  rt_task.o(i.rt_switch_req)
    rt_sys_init                              0x08003069   Thumb Code   138  rt_task.o(i.rt_sys_init)
    rt_sys_start                             0x08003135   Thumb Code   110  rt_task.o(i.rt_sys_start)
    rt_systick                               0x080031ad   Thumb Code    50  rt_system.o(i.rt_systick)
    rt_tsk_create                            0x08003235   Thumb Code   118  rt_task.o(i.rt_tsk_create)
    rt_tsk_delete                            0x080032bd   Thumb Code   352  rt_task.o(i.rt_tsk_delete)
    rt_tsk_prio                              0x08003439   Thumb Code   108  rt_task.o(i.rt_tsk_prio)
    rt_tsk_self                              0x080034b5   Thumb Code    12  rt_task.o(i.rt_tsk_self)
    svcDelay                                 0x080034d1   Thumb Code    18  rt_cmsis.o(i.svcDelay)
    svcKernelInitialize                      0x080034e5   Thumb Code    80  rt_cmsis.o(i.svcKernelInitialize)
    svcKernelStart                           0x08003555   Thumb Code    62  rt_cmsis.o(i.svcKernelStart)
    svcMessageCreate                         0x0800359d   Thumb Code    36  rt_cmsis.o(i.svcMessageCreate)
    svcMessageGet                            0x080035c1   Thumb Code    58  rt_cmsis.o(i.svcMessageGet)
    svcSignalSet                             0x080035fb   Thumb Code    36  rt_cmsis.o(i.svcSignalSet)
    svcThreadCreate                          0x08003621   Thumb Code   100  rt_cmsis.o(i.svcThreadCreate)
    svcThreadGetId                           0x08003691   Thumb Code    22  rt_cmsis.o(i.svcThreadGetId)
    svcThreadTerminate                       0x080036ad   Thumb Code    50  rt_cmsis.o(i.svcThreadTerminate)
    svcTimerCall                             0x080036e5   Thumb Code    24  rt_cmsis.o(i.svcTimerCall)
    sysTimerTick                             0x080036fd   Thumb Code    84  rt_cmsis.o(i.sysTimerTick)
    os_maxtaskrun                            0x08003758   Data           2  rtx_conf_cm.o(.constdata)
    os_stackinfo                             0x0800375c   Data           4  rtx_conf_cm.o(.constdata)
    os_rrobin                                0x08003760   Data           4  rtx_conf_cm.o(.constdata)
    os_tickfreq                              0x08003764   Data           4  rtx_conf_cm.o(.constdata)
    os_tickus_i                              0x08003768   Data           2  rtx_conf_cm.o(.constdata)
    os_tickus_f                              0x0800376a   Data           2  rtx_conf_cm.o(.constdata)
    os_trv                                   0x0800376c   Data           4  rtx_conf_cm.o(.constdata)
    os_flags                                 0x08003770   Data           1  rtx_conf_cm.o(.constdata)
    CMSIS_RTOS_API_Version                   0x08003774   Data           4  rtx_conf_cm.o(.constdata)
    CMSIS_RTOS_RTX_Version                   0x08003778   Data           4  rtx_conf_cm.o(.constdata)
    os_clockrate                             0x0800377c   Data           4  rtx_conf_cm.o(.constdata)
    os_timernum                              0x08003780   Data           4  rtx_conf_cm.o(.constdata)
    mp_tcb_size                              0x08003784   Data           2  rtx_conf_cm.o(.constdata)
    mp_stk_size                              0x08003788   Data           4  rtx_conf_cm.o(.constdata)
    os_stack_sz                              0x0800378c   Data           4  rtx_conf_cm.o(.constdata)
    os_fifo_size                             0x08003790   Data           1  rtx_conf_cm.o(.constdata)
    os_thread_def_osTimerThread              0x08003794   Data          16  rtx_conf_cm.o(.constdata)
    os_messageQ_def_osTimerMessageQ          0x080037a4   Data           8  rtx_conf_cm.o(.constdata)
    mp_tmr_size                              0x080037ac   Data           2  rtx_conf_cm.o(.constdata)
    os_thread_def_main                       0x080037b0   Data          16  rtx_conf_cm.o(.constdata)
    APBAHBPrescTable                         0x080037c0   Data          16  stm32f4xx_hal_rcc.o(.constdata)
    Region$$Table$$Base                      0x080037d0   Number         0  anon$$obj.o(Region$$Table)
    Region$$Table$$Limit                     0x080037f0   Number         0  anon$$obj.o(Region$$Table)
    LED_thread_ID                            0x20000000   Data           4  led_thread.o(.data)
    CC2500Timeout                            0x20000004   Data           4  cc2500.o(.data)
    command_strobe_response                  0x20000008   Data           1  cc2500.o(.data)
    num_bytes_in_FIFO                        0x20000009   Data           1  cc2500.o(.data)
    osThreadId_osTimerThread                 0x2000000c   Data           4  rtx_conf_cm.o(.data)
    osMessageQId_osTimerMessageQ             0x20000010   Data           4  rtx_conf_cm.o(.data)
    os_tmr                                   0x20000014   Data           4  rtx_conf_cm.o(.data)
    m_tmr                                    0x20000018   Data           4  rtx_conf_cm.o(.data)
    uwTick                                   0x2000003c   Data           4  stm32f4xx_hal.o(.data)
    SystemCoreClock                          0x20000040   Data           4  system_stm32f4xx.o(.data)
    os_initialized                           0x20000044   Data           1  rt_cmsis.o(.data)
    os_running                               0x20000045   Data           1  rt_cmsis.o(.data)
    os_timer_head                            0x20000048   Data           4  rt_cmsis.o(.data)
    os_tsk                                   0x2000004c   Data           8  rt_task.o(.data)
    os_tick_irqn                             0x20000058   Data           4  rt_system.o(.data)
    os_time                                  0x2000005c   Data           4  rt_time.o(.data)
    dbg_msg                                  0x20000060   Data           1  hal_cm.o(.data)
    os_robin                                 0x20000064   Data           8  rt_robin.o(.data)
    __stdout                                 0x2000006c   Data           4  stdout.o(.data)
    TIM3_handle                              0x20000070   Data          60  led_thread.o(.bss)
    SPI_Handle                               0x200000ac   Data          88  cc2500.o(.bss)
    mp_tcb                                   0x20000108   Data         584  rtx_conf_cm.o(.bss)
    mp_stk                                   0x20000350   Data        3088  rtx_conf_cm.o(.bss)
    os_stack_mem                             0x20000f60   Data        2824  rtx_conf_cm.o(.bss)
    os_fifo                                  0x20001a68   Data         132  rtx_conf_cm.o(.bss)
    os_active_TCB                            0x20001aec   Data          44  rtx_conf_cm.o(.bss)
    os_messageQ_q_osTimerMessageQ            0x20001b18   Data          32  rtx_conf_cm.o(.bss)
    os_idle_TCB                              0x20001bd8   Data          52  rt_task.o(.bss)
    os_rdy                                   0x20001c0c   Data          24  rt_list.o(.bss)
    os_dly                                   0x20001c24   Data          24  rt_list.o(.bss)
    __initial_sp                             0x20002040   Data           0  startup_stm32f407xx.o(STACK)



==============================================================================

Memory Map of the image

  Image Entry point : 0x08000345

  Load Region LR_1 (Base: 0x08000000, Size: 0x00003860, Max: 0xffffffff, ABSOLUTE)

    Execution Region ER_RO (Base: 0x08000000, Size: 0x000037f0, Max: 0xffffffff, ABSOLUTE)

    Base Addr    Size         Type   Attr      Idx    E Section Name        Object

    0x08000000   0x00000188   Data   RO         4425    RESET               startup_stm32f407xx.o
    0x08000188   0x00000000   Code   RO         6188  * .ARM.Collect$$$$00000000  mc_w.l(entry.o)
    0x08000188   0x00000004   Code   RO         6466    .ARM.Collect$$$$00000001  mc_w.l(entry2.o)
    0x0800018c   0x00000004   Code   RO         6469    .ARM.Collect$$$$00000004  mc_w.l(entry5.o)
    0x08000190   0x00000000   Code   RO         6471    .ARM.Collect$$$$00000008  mc_w.l(entry7b.o)
    0x08000190   0x00000000   Code   RO         6473    .ARM.Collect$$$$0000000A  mc_w.l(entry8b.o)
    0x08000190   0x00000000   Code   RO         6474    .ARM.Collect$$$$0000000D  mc_w.l(entry10a.o)
    0x08000190   0x00000000   Code   RO         6476    .ARM.Collect$$$$0000000F  mc_w.l(entry11a.o)
    0x08000190   0x00000018   Code   RO          731    .ARM.Collect$$$$000000FF  rtx_conf_cm.o
    0x080001a8   0x00000004   Code   RO         6467    .ARM.Collect$$$$00002712  mc_w.l(entry2.o)
    0x080001ac   0x00000198   Code   RO         6175    .emb_text           RTX_CM4.lib(hal_cm4.o)
    0x08000344   0x00000024   Code   RO         4426  * .text               startup_stm32f407xx.o
    0x08000368   0x00000024   Code   RO         6199    .text               mc_w.l(memcpya.o)
    0x0800038c   0x00000024   Code   RO         6201    .text               mc_w.l(memseta.o)
    0x080003b0   0x0000002c   Code   RO         6478    .text               mc_w.l(uidiv.o)
    0x080003dc   0x00000024   Code   RO         6495    .text               mc_w.l(init.o)
    0x08000400   0x00000004   Code   RO         6185    SVC_TABLE           RTX_CM4.lib(svc_table.o)
    0x08000404   0x00000004   Code   RO          327    i.BusFault_Handler  stm32f4xx_it.o
    0x08000408   0x00000002   Code   RO          328    i.DebugMon_Handler  stm32f4xx_it.o
    0x0800040a   0x00000002   PAD
    0x0800040c   0x00000180   Code   RO          312    i.Error_Handler     supporting_functions.o
    0x0800058c   0x0000020c   Code   RO         1774    i.HAL_GPIO_Init     stm32f4xx_hal_gpio.o
    0x08000798   0x0000000c   Code   RO         1778    i.HAL_GPIO_WritePin  stm32f4xx_hal_gpio.o
    0x080007a4   0x0000000c   Code   RO         1087    i.HAL_GetTick       stm32f4xx_hal.o
    0x080007b0   0x0000003c   Code   RO         1089    i.HAL_Init          stm32f4xx_hal.o
    0x080007ec   0x00000028   Code   RO         1090    i.HAL_InitTick      stm32f4xx_hal.o
    0x08000814   0x00000002   Code   RO         1092    i.HAL_MspInit       stm32f4xx_hal.o
    0x08000816   0x0000007c   Code   RO         1505    i.HAL_NVIC_SetPriority  stm32f4xx_hal_cortex.o
    0x08000892   0x00000002   PAD
    0x08000894   0x00000028   Code   RO         1506    i.HAL_NVIC_SetPriorityGrouping  stm32f4xx_hal_cortex.o
    0x080008bc   0x000001d0   Code   RO         2012    i.HAL_RCC_ClockConfig  stm32f4xx_hal_rcc.o
    0x08000a8c   0x000000b4   Code   RO         2021    i.HAL_RCC_GetSysClockFreq  stm32f4xx_hal_rcc.o
    0x08000b40   0x0000039c   Code   RO         2024    i.HAL_RCC_OscConfig  stm32f4xx_hal_rcc.o
    0x08000edc   0x00000036   Code   RO         2519    i.HAL_SPI_DeInit    stm32f4xx_hal_spi.o
    0x08000f12   0x000000a0   Code   RO         2524    i.HAL_SPI_Init      stm32f4xx_hal_spi.o
    0x08000fb2   0x00000002   Code   RO         2525    i.HAL_SPI_MspDeInit  stm32f4xx_hal_spi.o
    0x08000fb4   0x000000ec   Code   RO          508    i.HAL_SPI_MspInit   lis3dsh.o
    0x080010a0   0x00000034   Code   RO         1510    i.HAL_SYSTICK_Config  stm32f4xx_hal_cortex.o
    0x080010d4   0x00000002   Code   RO         3566    i.HAL_TIMEx_BreakCallback  stm32f4xx_hal_tim_ex.o
    0x080010d6   0x00000002   Code   RO         3567    i.HAL_TIMEx_CommutationCallback  stm32f4xx_hal_tim_ex.o
    0x080010d8   0x00000002   Code   RO         2956    i.HAL_TIM_IC_CaptureCallback  stm32f4xx_hal_tim.o
    0x080010da   0x00000196   Code   RO         2969    i.HAL_TIM_IRQHandler  stm32f4xx_hal_tim.o
    0x08001270   0x00000002   Code   RO         2972    i.HAL_TIM_OC_DelayElapsedCallback  stm32f4xx_hal_tim.o
    0x08001272   0x00000002   Code   RO         2999    i.HAL_TIM_PWM_PulseFinishedCallback  stm32f4xx_hal_tim.o
    0x08001274   0x00000020   Code   RO          418    i.HAL_TIM_PeriodElapsedCallback  led_thread.o
    0x08001294   0x00000002   Code   RO         3010    i.HAL_TIM_TriggerCallback  stm32f4xx_hal_tim.o
    0x08001296   0x00000004   Code   RO          329    i.HardFault_Handler  stm32f4xx_it.o
    0x0800129a   0x00000002   PAD
    0x0800129c   0x00000030   Code   RO         1006    i.ITM_SendChar      retarget_io.o
    0x080012cc   0x00000004   Code   RO          330    i.MemManage_Handler  stm32f4xx_it.o
    0x080012d0   0x00000002   Code   RO          331    i.NMI_Handler       stm32f4xx_it.o
    0x080012d2   0x0000001a   Code   RO          773    i.OTG_FS_IRQHandler  otg_fs_stm32f4xx.o
    0x080012ec   0x000000a8   Code   RO          394    i.SystemClock_Config  sysclk_config.o
    0x08001394   0x00000064   Code   RO         4434    i.SystemInit        system_stm32f4xx.o
    0x080013f8   0x00000010   Code   RO          332    i.TIM3_IRQHandler   stm32f4xx_it.o
    0x08001408   0x00000028   Code   RO          853    i.USBD_DeviceSetAddress  usbd_fs_stm32f4xx.o
    0x08001430   0x000000bc   Code   RO          855    i.USBD_EndpointReadSet  usbd_fs_stm32f4xx.o
    0x080014ec   0x00000624   Code   RO          861    i.USBD_FS_IRQ       usbd_fs_stm32f4xx.o
    0x08001b10   0x0000003c   Code   RO          862    i.USBD_FlushInEpFifo  usbd_fs_stm32f4xx.o
    0x08001b4c   0x0000001c   Code   RO          864    i.USBD_GetFrameNumber  usbd_fs_stm32f4xx.o
    0x08001b68   0x000000e0   Code   RO          868    i.USBD_ReadFromFifo  usbd_fs_stm32f4xx.o
    0x08001c48   0x000000f8   Code   RO          870    i.USBD_Reset        usbd_fs_stm32f4xx.o
    0x08001d40   0x00000100   Code   RO          872    i.USBD_WriteToFifo  usbd_fs_stm32f4xx.o
    0x08001e40   0x00000004   Code   RO          333    i.UsageFault_Handler  stm32f4xx_it.o
    0x08001e44   0x00000020   Code   RO         6250    i.__0printf$1       mc_w.l(printf1.o)
    0x08001e64   0x00000010   Code   RO         1512    i.__NVIC_GetPriorityGrouping  stm32f4xx_hal_cortex.o
    0x08001e74   0x00000028   Code   RO         1513    i.__NVIC_SetPriority  stm32f4xx_hal_cortex.o
    0x08001e9c   0x0000000e   Code   RO         6502    i.__scatterload_copy  mc_w.l(handlers.o)
    0x08001eaa   0x00000002   Code   RO         6503    i.__scatterload_null  mc_w.l(handlers.o)
    0x08001eac   0x0000000e   Code   RO         6504    i.__scatterload_zeroinit  mc_w.l(handlers.o)
    0x08001eba   0x00000046   Code   RO         6015    i._init_box         RTX_CM4.lib(rt_membox.o)
    0x08001f00   0x00000154   Code   RO         6257    i._printf_core      mc_w.l(printf1.o)
    0x08002054   0x000000dc   Code   RO          607    i.cc2500_LowLevel_Init  cc2500.o
    0x08002130   0x00000034   Code   RO          608    i.cc2500_One_Byte_Read  cc2500.o
    0x08002164   0x0000004c   Code   RO          609    i.cc2500_Read       cc2500.o
    0x080021b0   0x00000014   Code   RO          610    i.cc2500_Read_Status_Register  cc2500.o
    0x080021c4   0x0000007c   Code   RO          611    i.cc2500_Receive_Data  cc2500.o
    0x08002240   0x0000000a   Code   RO          612    i.cc2500_SPI_ReceiveData  cc2500.o
    0x0800224a   0x00000006   Code   RO          613    i.cc2500_SPI_SendData  cc2500.o
    0x08002250   0x0000006c   Code   RO          614    i.cc2500_SendByte   cc2500.o
    0x080022bc   0x00000014   Code   RO          615    i.cc2500_Send_Command_Strobe  cc2500.o
    0x080022d0   0x00000044   Code   RO          616    i.cc2500_Write      cc2500.o
    0x08002314   0x00000084   Code   RO          617    i.cc2500_configure_registers  cc2500.o
    0x08002398   0x000000ac   Code   RO          618    i.cc2500_gpio_init  cc2500.o
    0x08002444   0x00000030   Code   RO         6068    i.dbg_init          RTX_CM4.lib(hal_cm.o)
    0x08002474   0x00000020   Code   RO         6069    i.dbg_task_notify   RTX_CM4.lib(hal_cm.o)
    0x08002494   0x00000010   Code   RO         6070    i.dbg_task_switch   RTX_CM4.lib(hal_cm.o)
    0x080024a4   0x00000020   Code   RO         1011    i.fputc             retarget_io.o
    0x080024c4   0x0000002a   Code   RO         4768    i.isrMessageGet     RTX_CM4.lib(rt_cmsis.o)
    0x080024ee   0x0000002c   Code   RO         4769    i.isrMessagePut     RTX_CM4.lib(rt_cmsis.o)
    0x0800251a   0x00000024   Code   RO         4771    i.isrSignalSet      RTX_CM4.lib(rt_cmsis.o)
    0x0800253e   0x00000002   PAD
    0x08002540   0x00000028   Code   RO         5739    i.isr_evt_set       RTX_CM4.lib(rt_event.o)
    0x08002568   0x00000056   Code   RO         5861    i.isr_mbx_receive   RTX_CM4.lib(rt_mailbox.o)
    0x080025be   0x0000000e   Code   RO         5862    i.isr_mbx_send      RTX_CM4.lib(rt_mailbox.o)
    0x080025cc   0x00000060   Code   RO            4    i.main              main.o
    0x0800262c   0x00000018   Code   RO         4772    i.osDelay           RTX_CM4.lib(rt_cmsis.o)
    0x08002644   0x00000024   Code   RO         4773    i.osKernelInitialize  RTX_CM4.lib(rt_cmsis.o)
    0x08002668   0x0000006c   Code   RO         4775    i.osKernelStart     RTX_CM4.lib(rt_cmsis.o)
    0x080026d4   0x00000018   Code   RO         4784    i.osMessageGet      RTX_CM4.lib(rt_cmsis.o)
    0x080026ec   0x00000018   Code   RO         4799    i.osSignalSet       RTX_CM4.lib(rt_cmsis.o)
    0x08002704   0x00000030   Code   RO         4801    i.osThreadCreate    RTX_CM4.lib(rt_cmsis.o)
    0x08002734   0x00000018   Code   RO         4802    i.osThreadExit      RTX_CM4.lib(rt_cmsis.o)
    0x0800274c   0x0000000c   Code   RO         4808    i.osTimerCall       RTX_CM4.lib(rt_cmsis.o)
    0x08002758   0x0000002c   Code   RO         4813    i.osTimerThread     RTX_CM4.lib(rt_cmsis.o)
    0x08002784   0x00000022   Code   RO          732    i.os_error          rtx_conf_cm.o
    0x080027a6   0x00000004   Code   RO          733    i.os_idle_demon     rtx_conf_cm.o
    0x080027aa   0x00000002   PAD
    0x080027ac   0x00000028   Code   RO         5649    i.os_tick_init      RTX_CM4.lib(rt_system.o)
    0x080027d4   0x00000002   Code   RO         5650    i.os_tick_irqack    RTX_CM4.lib(rt_system.o)
    0x080027d6   0x0000001a   Code   RO         6016    i.rt_alloc_box      RTX_CM4.lib(rt_membox.o)
    0x080027f0   0x0000003e   Code   RO         6044    i.rt_alloc_mem      RTX_CM4.lib(rt_memory.o)
    0x0800282e   0x00000002   PAD
    0x08002830   0x00000038   Code   RO         5564    i.rt_block          RTX_CM4.lib(rt_task.o)
    0x08002868   0x00000048   Code   RO         6154    i.rt_chk_robin      RTX_CM4.lib(rt_robin.o)
    0x080028b0   0x00000070   Code   RO         5785    i.rt_dec_dly        RTX_CM4.lib(rt_list.o)
    0x08002920   0x00000044   Code   RO         5565    i.rt_dispatch       RTX_CM4.lib(rt_task.o)
    0x08002964   0x00000006   Code   RO         5951    i.rt_dly_wait       RTX_CM4.lib(rt_time.o)
    0x0800296a   0x00000002   PAD
    0x0800296c   0x00000050   Code   RO         5742    i.rt_evt_psh        RTX_CM4.lib(rt_event.o)
    0x080029bc   0x0000005c   Code   RO         5743    i.rt_evt_set        RTX_CM4.lib(rt_event.o)
    0x08002a18   0x0000002c   Code   RO         6017    i.rt_free_box       RTX_CM4.lib(rt_membox.o)
    0x08002a44   0x00000028   Code   RO         6045    i.rt_free_mem       RTX_CM4.lib(rt_memory.o)
    0x08002a6c   0x00000028   Code   RO         5786    i.rt_get_first      RTX_CM4.lib(rt_list.o)
    0x08002a94   0x00000008   Code   RO         4818    i.rt_id2obj         RTX_CM4.lib(rt_cmsis.o)
    0x08002a9c   0x00000048   Code   RO         5566    i.rt_init_context   RTX_CM4.lib(rt_task.o)
    0x08002ae4   0x0000001a   Code   RO         6046    i.rt_init_mem       RTX_CM4.lib(rt_memory.o)
    0x08002afe   0x00000002   PAD
    0x08002b00   0x00000018   Code   RO         6155    i.rt_init_robin     RTX_CM4.lib(rt_robin.o)
    0x08002b18   0x00000080   Code   RO         6071    i.rt_init_stack     RTX_CM4.lib(hal_cm.o)
    0x08002b98   0x00000008   Code   RO         5863    i.rt_mbx_check      RTX_CM4.lib(rt_mailbox.o)
    0x08002ba0   0x0000001a   Code   RO         5864    i.rt_mbx_init       RTX_CM4.lib(rt_mailbox.o)
    0x08002bba   0x00000002   PAD
    0x08002bbc   0x000000f0   Code   RO         5865    i.rt_mbx_psh        RTX_CM4.lib(rt_mailbox.o)
    0x08002cac   0x000000b4   Code   RO         5867    i.rt_mbx_wait       RTX_CM4.lib(rt_mailbox.o)
    0x08002d60   0x00000044   Code   RO         4819    i.rt_ms2tick        RTX_CM4.lib(rt_cmsis.o)
    0x08002da4   0x0000007c   Code   RO         5653    i.rt_pop_req        RTX_CM4.lib(rt_system.o)
    0x08002e20   0x00000020   Code   RO         5654    i.rt_psh_req        RTX_CM4.lib(rt_system.o)
    0x08002e40   0x0000005c   Code   RO         5788    i.rt_psq_enq        RTX_CM4.lib(rt_list.o)
    0x08002e9c   0x00000048   Code   RO         5789    i.rt_put_dly        RTX_CM4.lib(rt_list.o)
    0x08002ee4   0x00000036   Code   RO         5790    i.rt_put_prio       RTX_CM4.lib(rt_list.o)
    0x08002f1a   0x00000002   PAD
    0x08002f1c   0x00000014   Code   RO         5791    i.rt_put_rdy_first  RTX_CM4.lib(rt_list.o)
    0x08002f30   0x00000034   Code   RO         5792    i.rt_resort_prio    RTX_CM4.lib(rt_list.o)
    0x08002f64   0x00000010   Code   RO         6072    i.rt_ret_regs       RTX_CM4.lib(hal_cm.o)
    0x08002f74   0x0000000c   Code   RO         6073    i.rt_ret_val        RTX_CM4.lib(hal_cm.o)
    0x08002f80   0x00000010   Code   RO         6074    i.rt_ret_val2       RTX_CM4.lib(hal_cm.o)
    0x08002f90   0x00000028   Code   RO         5793    i.rt_rmv_dly        RTX_CM4.lib(rt_list.o)
    0x08002fb8   0x00000030   Code   RO         5794    i.rt_rmv_list       RTX_CM4.lib(rt_list.o)
    0x08002fe8   0x00000034   Code   RO         5912    i.rt_sem_psh        RTX_CM4.lib(rt_semaphore.o)
    0x0800301c   0x00000024   Code   RO         5656    i.rt_stk_check      RTX_CM4.lib(rt_system.o)
    0x08003040   0x00000028   Code   RO         5567    i.rt_switch_req     RTX_CM4.lib(rt_task.o)
    0x08003068   0x000000cc   Code   RO         5568    i.rt_sys_init       RTX_CM4.lib(rt_task.o)
    0x08003134   0x00000078   Code   RO         5569    i.rt_sys_start      RTX_CM4.lib(rt_task.o)
    0x080031ac   0x00000040   Code   RO         5658    i.rt_systick        RTX_CM4.lib(rt_system.o)
    0x080031ec   0x00000012   Code   RO         4820    i.rt_tid2ptcb       RTX_CM4.lib(rt_cmsis.o)
    0x080031fe   0x00000002   PAD
    0x08003200   0x00000034   Code   RO         4821    i.rt_timer_insert   RTX_CM4.lib(rt_cmsis.o)
    0x08003234   0x00000088   Code   RO         5570    i.rt_tsk_create     RTX_CM4.lib(rt_task.o)
    0x080032bc   0x0000017c   Code   RO         5571    i.rt_tsk_delete     RTX_CM4.lib(rt_task.o)
    0x08003438   0x0000007c   Code   RO         5573    i.rt_tsk_prio       RTX_CM4.lib(rt_task.o)
    0x080034b4   0x00000010   Code   RO         5574    i.rt_tsk_self       RTX_CM4.lib(rt_task.o)
    0x080034c4   0x0000000c   Code   RO         1012    i.stdout_putchar    retarget_io.o
    0x080034d0   0x00000012   Code   RO         4823    i.svcDelay          RTX_CM4.lib(rt_cmsis.o)
    0x080034e2   0x00000002   PAD
    0x080034e4   0x00000070   Code   RO         4824    i.svcKernelInitialize  RTX_CM4.lib(rt_cmsis.o)
    0x08003554   0x00000048   Code   RO         4826    i.svcKernelStart    RTX_CM4.lib(rt_cmsis.o)
    0x0800359c   0x00000024   Code   RO         4829    i.svcMessageCreate  RTX_CM4.lib(rt_cmsis.o)
    0x080035c0   0x0000003a   Code   RO         4830    i.svcMessageGet     RTX_CM4.lib(rt_cmsis.o)
    0x080035fa   0x00000024   Code   RO         4842    i.svcSignalSet      RTX_CM4.lib(rt_cmsis.o)
    0x0800361e   0x00000002   PAD
    0x08003620   0x00000070   Code   RO         4844    i.svcThreadCreate   RTX_CM4.lib(rt_cmsis.o)
    0x08003690   0x0000001c   Code   RO         4845    i.svcThreadGetId    RTX_CM4.lib(rt_cmsis.o)
    0x080036ac   0x00000038   Code   RO         4848    i.svcThreadTerminate  RTX_CM4.lib(rt_cmsis.o)
    0x080036e4   0x00000018   Code   RO         4850    i.svcTimerCall      RTX_CM4.lib(rt_cmsis.o)
    0x080036fc   0x0000005c   Code   RO         4859    i.sysTimerTick      RTX_CM4.lib(rt_cmsis.o)
    0x08003758   0x00000068   Data   RO          735    .constdata          rtx_conf_cm.o
    0x080037c0   0x00000010   Data   RO         2025    .constdata          stm32f4xx_hal_rcc.o
    0x080037d0   0x00000020   Data   RO         6501    Region$$Table       anon$$obj.o


    Execution Region ER_RW (Base: 0x20000000, Size: 0x00000070, Max: 0xffffffff, ABSOLUTE)

    Base Addr    Size         Type   Attr      Idx    E Section Name        Object

    0x20000000   0x00000004   Data   RW          424    .data               led_thread.o
    0x20000004   0x00000006   Data   RW          620    .data               cc2500.o
    0x2000000a   0x00000002   PAD
    0x2000000c   0x00000010   Data   RW          736    .data               rtx_conf_cm.o
    0x2000001c   0x00000020   Data   RW          875    .data               usbd_fs_stm32f4xx.o
    0x2000003c   0x00000004   Data   RW         1095    .data               stm32f4xx_hal.o
    0x20000040   0x00000004   Data   RW         4436    .data               system_stm32f4xx.o
    0x20000044   0x00000008   Data   RW         4862    .data               RTX_CM4.lib(rt_cmsis.o)
    0x2000004c   0x00000008   Data   RW         5576    .data               RTX_CM4.lib(rt_task.o)
    0x20000054   0x00000008   Data   RW         5661    .data               RTX_CM4.lib(rt_system.o)
    0x2000005c   0x00000004   Data   RW         5955    .data               RTX_CM4.lib(rt_time.o)
    0x20000060   0x00000001   Data   RW         6075    .data               RTX_CM4.lib(hal_cm.o)
    0x20000061   0x00000003   PAD
    0x20000064   0x00000008   Data   RW         6156    .data               RTX_CM4.lib(rt_robin.o)
    0x2000006c   0x00000004   Data   RW         6195    .data               mc_w.l(stdout.o)


    Execution Region ER_ZI (Base: 0x20000070, Size: 0x00001fd0, Max: 0xffffffff, ABSOLUTE)

    Base Addr    Size         Type   Attr      Idx    E Section Name        Object

    0x20000070   0x0000003c   Zero   RW          422    .bss                led_thread.o
    0x200000ac   0x00000058   Zero   RW          619    .bss                cc2500.o
    0x20000104   0x00000004   PAD
    0x20000108   0x00001a30   Zero   RW          734    .bss                rtx_conf_cm.o
    0x20001b38   0x000000a0   Zero   RW          873    .bss                usbd_fs_stm32f4xx.o
    0x20001bd8   0x00000034   Zero   RW         5575    .bss                RTX_CM4.lib(rt_task.o)
    0x20001c0c   0x00000030   Zero   RW         5795    .bss                RTX_CM4.lib(rt_list.o)
    0x20001c3c   0x00000004   PAD
    0x20001c40   0x00000400   Zero   RW         4423    STACK               startup_stm32f407xx.o


==============================================================================

Image component sizes


      Code (inc. data)   RO Data    RW Data    ZI Data      Debug   Object Name

      1008        200          0          6         88       8390   cc2500.o
        32          8          0          4         60       1397   led_thread.o
       236         18          0          0          0       1222   lis3dsh.o
        96         16          0          0          0     322157   main.o
        26          0          0          0          0       3276   otg_fs_stm32f4xx.o
        92         12          0          0          0       1759   retarget_io.o
        62          6        104         16       6704       7800   rtx_conf_cm.o
        36          8        392          0       1024        872   startup_stm32f407xx.o
       114         16          0          4          0       3839   stm32f4xx_hal.o
       272         22          0          0          0      31490   stm32f4xx_hal_cortex.o
       536         48          0          0          0       2548   stm32f4xx_hal_gpio.o
      1568         48         16          0          0       4123   stm32f4xx_hal_rcc.o
       216          0          0          0          0       2568   stm32f4xx_hal_spi.o
       414          0          0          0          0       3902   stm32f4xx_hal_tim.o
         4          0          0          0          0       1730   stm32f4xx_hal_tim_ex.o
        36          6          0          0          0       3335   stm32f4xx_it.o
       384        312          0          0          0        600   supporting_functions.o
       168         10          0          0          0       1165   sysclk_config.o
       100         18          0          4          0       1277   system_stm32f4xx.o
      2616        180          0         32        160      10675   usbd_fs_stm32f4xx.o

    ----------------------------------------------------------------------
      8024        928        544         68       8040     414125   Object Totals
         0          0         32          0          0          0   (incl. Generated)
         8          0          0          2          4          0   (incl. Padding)

    ----------------------------------------------------------------------

      Code (inc. data)   RO Data    RW Data    ZI Data      Debug   Library Member Name

       268         24          0          1          0       4452   hal_cm.o
       408         34          0          0          0        816   hal_cm4.o
      1256        152          0          8          0      36991   rt_cmsis.o
       212         14          0          0          0       2028   rt_event.o
       530         34          0          0         48       8597   rt_list.o
       554         10          0          0          0       4189   rt_mailbox.o
       140          0          0          0          0       2045   rt_membox.o
       128          0          0          0          0       2419   rt_memory.o
        96         22          0          8          0       1230   rt_robin.o
        52          4          0          0          0        613   rt_semaphore.o
       298         52          0          8          0       6439   rt_system.o
      1216        174          0          8         52      10025   rt_task.o
         6          0          0          4          0        684   rt_time.o
         4          4          0          0          0        200   svc_table.o
         0          0          0          0          0          0   entry.o
         0          0          0          0          0          0   entry10a.o
         0          0          0          0          0          0   entry11a.o
         8          4          0          0          0          0   entry2.o
         4          0          0          0          0          0   entry5.o
         0          0          0          0          0          0   entry7b.o
         0          0          0          0          0          0   entry8b.o
        30          0          0          0          0          0   handlers.o
        36          8          0          0          0         68   init.o
        36          0          0          0          0         68   memcpya.o
        36          0          0          0          0        108   memseta.o
       372         14          0          0          0        184   printf1.o
         0          0          0          4          0          0   stdout.o
        44          0          0          0          0         80   uidiv.o

    ----------------------------------------------------------------------
      5752        550          0         44        104      81236   Library Totals
        18          0          0          3          4          0   (incl. Padding)

    ----------------------------------------------------------------------

      Code (inc. data)   RO Data    RW Data    ZI Data      Debug   Library Name

      5168        524          0         37        100      80728   RTX_CM4.lib
       566         26          0          4          0        508   mc_w.l

    ----------------------------------------------------------------------
      5752        550          0         44        104      81236   Library Totals

    ----------------------------------------------------------------------

==============================================================================


      Code (inc. data)   RO Data    RW Data    ZI Data      Debug   

     13776       1478        544        112       8144     482109   Grand Totals
     13776       1478        544        112       8144     482109   ELF Image Totals
     13776       1478        544        112          0          0   ROM Totals

==============================================================================

    Total RO  Size (Code + RO Data)                14320 (  13.98kB)
    Total RW  Size (RW Data + ZI Data)              8256 (   8.06kB)
    Total ROM Size (Code + RO Data + RW Data)      14432 (  14.09kB)

==============================================================================

